Component: ARM Compiler 6.14 Tool: armlink [5db06800]

==============================================================================

Section Cross References

    gp_drive.o(.ARM.exidx.text.init_GP) refers to gp_drive.o(.text.init_GP) for [Anonymous Symbol]
    gp_drive.o(.ARM.exidx.text.read_GP) refers to gp_drive.o(.text.read_GP) for [Anonymous Symbol]
    gp_drive.o(.ARM.exidx.text.write_GP) refers to gp_drive.o(.text.write_GP) for [Anonymous Symbol]
    gp_drive.o(.text.toggle_GP) refers to gp_drive.o(.text.read_GP) for read_GP
    gp_drive.o(.text.toggle_GP) refers to gp_drive.o(.text.write_GP) for write_GP
    gp_drive.o(.ARM.exidx.text.toggle_GP) refers to gp_drive.o(.text.toggle_GP) for [Anonymous Symbol]
    main.o(.text.main) refers to gp_drive.o(.text.init_GP) for init_GP
    main.o(.text.main) refers to gp_drive.o(.text.write_GP) for write_GP
    main.o(.text.main) refers to main.o(.text.init_BAK_reg) for init_BAK_reg
    main.o(.text.main) refers to main.o(.text.init_RTC) for init_RTC
    main.o(.text.main) refers to systick_lib.o(.text.systick_init) for systick_init
    main.o(.text.main) refers to systick_lib.o(.text.systick_inter_start) for systick_inter_start
    main.o(.text.main) refers to uart_drive.o(.text.UART_init) for UART_init
    main.o(.text.main) refers to systick_lib.o(.text.delay_MS) for delay_MS
    main.o(.text.main) refers to main.o(.bss.ReadoutsHolder) for ReadoutsHolder
    main.o(.text.main) refers to adc_drive.o(.text.update_adc_readouts) for update_adc_readouts
    main.o(.text.main) refers to sim800_drive.o(.text.sim800_send_sms) for sim800_send_sms
    main.o(.text.main) refers to main.o(.text.read_BAK_reg) for read_BAK_reg
    main.o(.text.main) refers to main.o(.text.write_BAK_reg) for write_BAK_reg
    main.o(.ARM.exidx.text.main) refers to main.o(.text.main) for [Anonymous Symbol]
    main.o(.ARM.exidx.text.init_BAK_reg) refers to main.o(.text.init_BAK_reg) for [Anonymous Symbol]
    main.o(.text.init_RTC) refers to main.o(.text.__NVIC_ClearPendingIRQ) for __NVIC_ClearPendingIRQ
    main.o(.text.init_RTC) refers to main.o(.text.__NVIC_EnableIRQ) for __NVIC_EnableIRQ
    main.o(.ARM.exidx.text.init_RTC) refers to main.o(.text.init_RTC) for [Anonymous Symbol]
    main.o(.ARM.exidx.text.write_BAK_reg) refers to main.o(.text.write_BAK_reg) for [Anonymous Symbol]
    main.o(.ARM.exidx.text.read_BAK_reg) refers to main.o(.text.read_BAK_reg) for [Anonymous Symbol]
    main.o(.text.USART2_IRQHandler) refers to main.o(.bss.uart_2_mgr) for uart_2_mgr
    main.o(.text.USART2_IRQHandler) refers to main.o(.bss.USART_2_msg) for USART_2_msg
    main.o(.text.USART2_IRQHandler) refers to uart_drive.o(.text.UART_isr) for UART_isr
    main.o(.ARM.exidx.text.USART2_IRQHandler) refers to main.o(.text.USART2_IRQHandler) for [Anonymous Symbol]
    main.o(.text.USART3_IRQHandler) refers to main.o(.bss.uart_3_mgr) for uart_3_mgr
    main.o(.text.USART3_IRQHandler) refers to main.o(.bss.USART_3_msg) for USART_3_msg
    main.o(.text.USART3_IRQHandler) refers to uart_drive.o(.text.UART_isr) for UART_isr
    main.o(.ARM.exidx.text.USART3_IRQHandler) refers to main.o(.text.USART3_IRQHandler) for [Anonymous Symbol]
    main.o(.ARM.exidx.text.SysTick_Handler) refers to main.o(.text.SysTick_Handler) for [Anonymous Symbol]
    main.o(.ARM.exidx.text.RTC_IRQHandler) refers to main.o(.text.RTC_IRQHandler) for [Anonymous Symbol]
    main.o(.ARM.exidx.text.__NVIC_ClearPendingIRQ) refers to main.o(.text.__NVIC_ClearPendingIRQ) for [Anonymous Symbol]
    main.o(.ARM.exidx.text.__NVIC_EnableIRQ) refers to main.o(.text.__NVIC_EnableIRQ) for [Anonymous Symbol]
    sim800_drive.o(.text.sim800_send_sms) refers to str_lib.o(.text.int2str) for int2str
    sim800_drive.o(.text.sim800_send_sms) refers to str_lib.o(.text.str_concat) for str_concat
    sim800_drive.o(.text.sim800_send_sms) refers to uart_drive.o(.text.UART_send) for UART_send
    sim800_drive.o(.text.sim800_send_sms) refers to sim800_drive.o(.data.order_term_buf) for order_term_buf
    sim800_drive.o(.text.sim800_send_sms) refers to systick_lib.o(.text.delay_MS) for delay_MS
    sim800_drive.o(.text.sim800_send_sms) refers to sim800_drive.o(.data.sms_term_buf) for sms_term_buf
    sim800_drive.o(.ARM.exidx.text.sim800_send_sms) refers to sim800_drive.o(.text.sim800_send_sms) for [Anonymous Symbol]
    str_lib.o(.ARM.exidx.text.str_empty) refers to str_lib.o(.text.str_empty) for [Anonymous Symbol]
    str_lib.o(.ARM.exidx.text.str_len) refers to str_lib.o(.text.str_len) for [Anonymous Symbol]
    str_lib.o(.text.str_find) refers to str_lib.o(.text.str_len) for str_len
    str_lib.o(.ARM.exidx.text.str_find) refers to str_lib.o(.text.str_find) for [Anonymous Symbol]
    str_lib.o(.text.str_findL) refers to str_lib.o(.text.str_len) for str_len
    str_lib.o(.text.str_findL) refers to str_lib.o(.text.str_find) for str_find
    str_lib.o(.ARM.exidx.text.str_findL) refers to str_lib.o(.text.str_findL) for [Anonymous Symbol]
    str_lib.o(.ARM.exidx.text.str_concat) refers to str_lib.o(.text.str_concat) for [Anonymous Symbol]
    str_lib.o(.ARM.exidx.text.int2str) refers to str_lib.o(.text.int2str) for [Anonymous Symbol]
    str_lib.o(.text.char2int) refers to str_lib.o(.text.str_len) for str_len
    str_lib.o(.text.char2int) refers to str_lib.o(.text.str_find) for str_find
    str_lib.o(.ARM.exidx.text.char2int) refers to str_lib.o(.text.char2int) for [Anonymous Symbol]
    systick_lib.o(.ARM.exidx.text.systick_init) refers to systick_lib.o(.text.systick_init) for [Anonymous Symbol]
    systick_lib.o(.ARM.exidx.text.delay_milis) refers to systick_lib.o(.text.delay_milis) for [Anonymous Symbol]
    systick_lib.o(.text.delay_MS) refers to systick_lib.o(.text.delay_milis) for delay_milis
    systick_lib.o(.ARM.exidx.text.delay_MS) refers to systick_lib.o(.text.delay_MS) for [Anonymous Symbol]
    systick_lib.o(.ARM.exidx.text.systick_inter_start) refers to systick_lib.o(.text.systick_inter_start) for [Anonymous Symbol]
    systick_lib.o(.text.systick_inter) refers to systick_lib.o(.text.systick_init) for systick_init
    systick_lib.o(.ARM.exidx.text.systick_inter) refers to systick_lib.o(.text.systick_inter) for [Anonymous Symbol]
    uart_drive.o(.text.UART_init) refers to uart_drive.o(.text.USART_BRR) for USART_BRR
    uart_drive.o(.text.UART_init) refers to gp_drive.o(.text.init_GP) for init_GP
    uart_drive.o(.text.UART_init) refers to uart_drive.o(.text.__NVIC_EnableIRQ) for __NVIC_EnableIRQ
    uart_drive.o(.ARM.exidx.text.UART_init) refers to uart_drive.o(.text.UART_init) for [Anonymous Symbol]
    uart_drive.o(.text.USART_BRR) refers to dflt_clz.o(x$fpl$dfltu) for __aeabi_ui2d
    uart_drive.o(.text.USART_BRR) refers to ddiv.o(x$fpl$ddiv) for __aeabi_ddiv
    uart_drive.o(.text.USART_BRR) refers to daddsub_clz.o(x$fpl$dsub) for __aeabi_dsub
    uart_drive.o(.text.USART_BRR) refers to dmul.o(x$fpl$dmul) for __aeabi_dmul
    uart_drive.o(.text.USART_BRR) refers to dfixu.o(x$fpl$dfixu) for __aeabi_d2uiz
    uart_drive.o(.text.USART_BRR) refers to dcmp.o(x$fpl$fcmp) for __aeabi_dcmple
    uart_drive.o(.ARM.exidx.text.USART_BRR) refers to uart_drive.o(.text.USART_BRR) for [Anonymous Symbol]
    uart_drive.o(.ARM.exidx.text.__NVIC_EnableIRQ) refers to uart_drive.o(.text.__NVIC_EnableIRQ) for [Anonymous Symbol]
    uart_drive.o(.ARM.exidx.text.UART_rx) refers to uart_drive.o(.text.UART_rx) for [Anonymous Symbol]
    uart_drive.o(.ARM.exidx.text.UART_tx) refers to uart_drive.o(.text.UART_tx) for [Anonymous Symbol]
    uart_drive.o(.text.UART_isr) refers to uart_drive.o(.text.UART_rx) for UART_rx
    uart_drive.o(.text.UART_isr) refers to uart_drive.o(.text.UART_tx) for UART_tx
    uart_drive.o(.text.UART_isr) refers to systick_lib.o(.text.systick_inter_start) for systick_inter_start
    uart_drive.o(.ARM.exidx.text.UART_isr) refers to uart_drive.o(.text.UART_isr) for [Anonymous Symbol]
    uart_drive.o(.text.UART_send) refers to uart_drive.o(.text.UART_tx) for UART_tx
    uart_drive.o(.ARM.exidx.text.UART_send) refers to uart_drive.o(.text.UART_send) for [Anonymous Symbol]
    uart_drive.o(.text.UART_msg) refers to uart_drive.o(.text.UART_send) for UART_send
    uart_drive.o(.ARM.exidx.text.UART_msg) refers to uart_drive.o(.text.UART_msg) for [Anonymous Symbol]
    adc_drive.o(.ARM.exidx.text.single_readout_ADC1_regu) refers to adc_drive.o(.text.single_readout_ADC1_regu) for [Anonymous Symbol]
    adc_drive.o(.text.update_adc_readouts) refers to adc_drive.o(.text.single_readout_ADC1_regu) for single_readout_ADC1_regu
    adc_drive.o(.ARM.exidx.text.update_adc_readouts) refers to adc_drive.o(.text.update_adc_readouts) for [Anonymous Symbol]
    startup_stm32f10x_md.o(STACK) refers (Special) to heapauxi.o(.text) for __use_two_region_memory
    startup_stm32f10x_md.o(HEAP) refers (Special) to heapauxi.o(.text) for __use_two_region_memory
    startup_stm32f10x_md.o(RESET) refers (Special) to heapauxi.o(.text) for __use_two_region_memory
    startup_stm32f10x_md.o(RESET) refers to startup_stm32f10x_md.o(STACK) for __initial_sp
    startup_stm32f10x_md.o(RESET) refers to startup_stm32f10x_md.o(.text) for Reset_Handler
    startup_stm32f10x_md.o(RESET) refers to main.o(.text.SysTick_Handler) for SysTick_Handler
    startup_stm32f10x_md.o(RESET) refers to main.o(.text.RTC_IRQHandler) for RTC_IRQHandler
    startup_stm32f10x_md.o(RESET) refers to main.o(.text.USART2_IRQHandler) for USART2_IRQHandler
    startup_stm32f10x_md.o(RESET) refers to main.o(.text.USART3_IRQHandler) for USART3_IRQHandler
    startup_stm32f10x_md.o(.text) refers (Special) to heapauxi.o(.text) for __use_two_region_memory
    startup_stm32f10x_md.o(.text) refers to system_stm32f10x.o(.text.SystemInit) for SystemInit
    startup_stm32f10x_md.o(.text) refers to __main.o(!!!main) for __main
    startup_stm32f10x_md.o(.text) refers to startup_stm32f10x_md.o(HEAP) for Heap_Mem
    startup_stm32f10x_md.o(.text) refers to startup_stm32f10x_md.o(STACK) for Stack_Mem
    system_stm32f10x.o(.text.SystemInit) refers to system_stm32f10x.o(.text.SetSysClock) for SetSysClock
    system_stm32f10x.o(.ARM.exidx.text.SystemInit) refers to system_stm32f10x.o(.text.SystemInit) for [Anonymous Symbol]
    system_stm32f10x.o(.text.SetSysClock) refers to system_stm32f10x.o(.text.SetSysClockTo72) for SetSysClockTo72
    system_stm32f10x.o(.ARM.exidx.text.SetSysClock) refers to system_stm32f10x.o(.text.SetSysClock) for [Anonymous Symbol]
    system_stm32f10x.o(.text.SystemCoreClockUpdate) refers to system_stm32f10x.o(.data.SystemCoreClock) for SystemCoreClock
    system_stm32f10x.o(.text.SystemCoreClockUpdate) refers to system_stm32f10x.o(.rodata.AHBPrescTable) for AHBPrescTable
    system_stm32f10x.o(.ARM.exidx.text.SystemCoreClockUpdate) refers to system_stm32f10x.o(.text.SystemCoreClockUpdate) for [Anonymous Symbol]
    system_stm32f10x.o(.ARM.exidx.text.SetSysClockTo72) refers to system_stm32f10x.o(.text.SetSysClockTo72) for [Anonymous Symbol]
    __main.o(!!!main) refers to __rtentry.o(.ARM.Collect$$rtentry$$00000000) for __rt_entry
    daddsub_clz.o(x$fpl$dadd) refers (Special) to usenofp.o(x$fpl$usenofp) for __I$use$fp
    daddsub_clz.o(x$fpl$dadd) refers to daddsub_clz.o(x$fpl$dsub) for _dsub1
    daddsub_clz.o(x$fpl$dadd) refers to dretinf.o(x$fpl$dretinf) for __fpl_dretinf
    daddsub_clz.o(x$fpl$dadd) refers to dnaninf.o(x$fpl$dnaninf) for __fpl_dnaninf
    daddsub_clz.o(x$fpl$drsb) refers (Special) to usenofp.o(x$fpl$usenofp) for __I$use$fp
    daddsub_clz.o(x$fpl$drsb) refers to daddsub_clz.o(x$fpl$dadd) for _dadd1
    daddsub_clz.o(x$fpl$drsb) refers to daddsub_clz.o(x$fpl$dsub) for _dsub1
    daddsub_clz.o(x$fpl$dsub) refers (Special) to usenofp.o(x$fpl$usenofp) for __I$use$fp
    daddsub_clz.o(x$fpl$dsub) refers to daddsub_clz.o(x$fpl$dadd) for _dadd1
    daddsub_clz.o(x$fpl$dsub) refers to dnaninf.o(x$fpl$dnaninf) for __fpl_dnaninf
    dcmp.o(x$fpl$fcmp) refers (Special) to usenofp.o(x$fpl$usenofp) for __I$use$fp
    dcmp.o(x$fpl$fcmp) refers to deqf.o(x$fpl$deqf) for _dcmpeq
    dcmp.o(x$fpl$fcmp) refers to dgeqf.o(x$fpl$dgeqf) for _dcmpge
    dcmp.o(x$fpl$fcmp) refers to dleqf.o(x$fpl$dleqf) for _dcmple
    ddiv.o(x$fpl$drdiv) refers (Special) to usenofp.o(x$fpl$usenofp) for __I$use$fp
    ddiv.o(x$fpl$drdiv) refers to ddiv.o(x$fpl$ddiv) for ddiv_entry
    ddiv.o(x$fpl$ddiv) refers (Special) to usenofp.o(x$fpl$usenofp) for __I$use$fp
    ddiv.o(x$fpl$ddiv) refers to dretinf.o(x$fpl$dretinf) for __fpl_dretinf
    ddiv.o(x$fpl$ddiv) refers to dnaninf.o(x$fpl$dnaninf) for __fpl_dnaninf
    dfixu.o(x$fpl$dfixu) refers (Special) to usenofp.o(x$fpl$usenofp) for __I$use$fp
    dfixu.o(x$fpl$dfixu) refers to dnaninf.o(x$fpl$dnaninf) for __fpl_dnaninf
    dfixu.o(x$fpl$dfixur) refers (Special) to usenofp.o(x$fpl$usenofp) for __I$use$fp
    dfixu.o(x$fpl$dfixur) refers to dnaninf.o(x$fpl$dnaninf) for __fpl_dnaninf
    dflt_clz.o(x$fpl$dfltu) refers (Special) to usenofp.o(x$fpl$usenofp) for __I$use$fp
    dflt_clz.o(x$fpl$dflt) refers (Special) to usenofp.o(x$fpl$usenofp) for __I$use$fp
    dflt_clz.o(x$fpl$dfltn) refers (Special) to usenofp.o(x$fpl$usenofp) for __I$use$fp
    dmul.o(x$fpl$dmul) refers (Special) to usenofp.o(x$fpl$usenofp) for __I$use$fp
    dmul.o(x$fpl$dmul) refers to dretinf.o(x$fpl$dretinf) for __fpl_dretinf
    dmul.o(x$fpl$dmul) refers to dnaninf.o(x$fpl$dnaninf) for __fpl_dnaninf
    __rtentry.o(.ARM.Collect$$rtentry$$00000000) refers (Special) to __rtentry2.o(.ARM.Collect$$rtentry$$0000000A) for __rt_entry_li
    __rtentry.o(.ARM.Collect$$rtentry$$00000000) refers (Special) to __rtentry2.o(.ARM.Collect$$rtentry$$0000000D) for __rt_entry_main
    __rtentry.o(.ARM.Collect$$rtentry$$00000000) refers (Special) to __rtentry2.o(.ARM.Collect$$rtentry$$0000000C) for __rt_entry_postli_1
    __rtentry.o(.ARM.Collect$$rtentry$$00000000) refers (Special) to __rtentry2.o(.ARM.Collect$$rtentry$$00000009) for __rt_entry_postsh_1
    __rtentry.o(.ARM.Collect$$rtentry$$00000000) refers (Special) to __rtentry2.o(.ARM.Collect$$rtentry$$00000002) for __rt_entry_presh_1
    __rtentry.o(.ARM.Collect$$rtentry$$00000000) refers (Special) to __rtentry4.o(.ARM.Collect$$rtentry$$00000004) for __rt_entry_sh
    deqf.o(x$fpl$deqf) refers (Special) to usenofp.o(x$fpl$usenofp) for __I$use$fp
    deqf.o(x$fpl$deqf) refers to dnaninf.o(x$fpl$dnaninf) for __fpl_dnaninf
    deqf.o(x$fpl$deqf) refers to dcmpi.o(x$fpl$dcmpinf) for __fpl_dcmp_Inf
    dgeqf.o(x$fpl$dgeqf) refers (Special) to usenofp.o(x$fpl$usenofp) for __I$use$fp
    dgeqf.o(x$fpl$dgeqf) refers to dnaninf.o(x$fpl$dnaninf) for __fpl_dnaninf
    dgeqf.o(x$fpl$dgeqf) refers to dcmpi.o(x$fpl$dcmpinf) for __fpl_dcmp_Inf
    dleqf.o(x$fpl$dleqf) refers (Special) to usenofp.o(x$fpl$usenofp) for __I$use$fp
    dleqf.o(x$fpl$dleqf) refers to dnaninf.o(x$fpl$dnaninf) for __fpl_dnaninf
    dleqf.o(x$fpl$dleqf) refers to dcmpi.o(x$fpl$dcmpinf) for __fpl_dcmp_Inf
    dnaninf.o(x$fpl$dnaninf) refers (Special) to usenofp.o(x$fpl$usenofp) for __I$use$fp
    dretinf.o(x$fpl$dretinf) refers (Special) to usenofp.o(x$fpl$usenofp) for __I$use$fp
    __rtentry2.o(.ARM.Collect$$rtentry$$00000008) refers to boardinit2.o(.text) for _platform_post_stackheap_init
    __rtentry2.o(.ARM.Collect$$rtentry$$0000000A) refers to libinit.o(.ARM.Collect$$libinit$$00000000) for __rt_lib_init
    __rtentry2.o(.ARM.Collect$$rtentry$$0000000B) refers to boardinit3.o(.text) for _platform_post_lib_init
    __rtentry2.o(.ARM.Collect$$rtentry$$0000000D) refers to main.o(.text.main) for main
    __rtentry2.o(.ARM.Collect$$rtentry$$0000000D) refers to exit.o(.text) for exit
    __rtentry2.o(.ARM.exidx) refers to __rtentry2.o(.ARM.Collect$$rtentry$$00000001) for .ARM.Collect$$rtentry$$00000001
    __rtentry2.o(.ARM.exidx) refers to __rtentry2.o(.ARM.Collect$$rtentry$$00000008) for .ARM.Collect$$rtentry$$00000008
    __rtentry2.o(.ARM.exidx) refers to __rtentry2.o(.ARM.Collect$$rtentry$$0000000A) for .ARM.Collect$$rtentry$$0000000A
    __rtentry2.o(.ARM.exidx) refers to __rtentry2.o(.ARM.Collect$$rtentry$$0000000B) for .ARM.Collect$$rtentry$$0000000B
    __rtentry2.o(.ARM.exidx) refers to __rtentry2.o(.ARM.Collect$$rtentry$$0000000D) for .ARM.Collect$$rtentry$$0000000D
    __rtentry4.o(.ARM.Collect$$rtentry$$00000004) refers to sys_stackheap_outer.o(.text) for __user_setup_stackheap
    __rtentry4.o(.ARM.exidx) refers to __rtentry4.o(.ARM.Collect$$rtentry$$00000004) for .ARM.Collect$$rtentry$$00000004
    dcmpi.o(x$fpl$dcmpinf) refers (Special) to usenofp.o(x$fpl$usenofp) for __I$use$fp
    sys_stackheap_outer.o(.text) refers to libspace.o(.text) for __user_perproc_libspace
    sys_stackheap_outer.o(.text) refers to startup_stm32f10x_md.o(.text) for __user_initial_stackheap
    exit.o(.text) refers to rtexit.o(.ARM.Collect$$rtexit$$00000000) for __rt_exit
    libinit.o(.ARM.Collect$$libinit$$00000000) refers (Special) to libinit2.o(.ARM.Collect$$libinit$$0000002E) for __rt_lib_init_alloca_1
    libinit.o(.ARM.Collect$$libinit$$00000000) refers (Special) to libinit2.o(.ARM.Collect$$libinit$$0000002C) for __rt_lib_init_argv_1
    libinit.o(.ARM.Collect$$libinit$$00000000) refers (Special) to libinit2.o(.ARM.Collect$$libinit$$0000001B) for __rt_lib_init_atexit_1
    libinit.o(.ARM.Collect$$libinit$$00000000) refers (Special) to libinit2.o(.ARM.Collect$$libinit$$00000021) for __rt_lib_init_clock_1
    libinit.o(.ARM.Collect$$libinit$$00000000) refers (Special) to libinit2.o(.ARM.Collect$$libinit$$00000032) for __rt_lib_init_cpp_1
    libinit.o(.ARM.Collect$$libinit$$00000000) refers (Special) to libinit2.o(.ARM.Collect$$libinit$$00000030) for __rt_lib_init_exceptions_1
    libinit.o(.ARM.Collect$$libinit$$00000000) refers (Special) to libinit2.o(.ARM.Collect$$libinit$$00000002) for __rt_lib_init_fp_1
    libinit.o(.ARM.Collect$$libinit$$00000000) refers (Special) to libinit2.o(.ARM.Collect$$libinit$$0000001F) for __rt_lib_init_fp_trap_1
    libinit.o(.ARM.Collect$$libinit$$00000000) refers (Special) to libinit2.o(.ARM.Collect$$libinit$$00000023) for __rt_lib_init_getenv_1
    libinit.o(.ARM.Collect$$libinit$$00000000) refers (Special) to libinit2.o(.ARM.Collect$$libinit$$0000000A) for __rt_lib_init_heap_1
    libinit.o(.ARM.Collect$$libinit$$00000000) refers (Special) to libinit2.o(.ARM.Collect$$libinit$$00000011) for __rt_lib_init_lc_collate_1
    libinit.o(.ARM.Collect$$libinit$$00000000) refers (Special) to libinit2.o(.ARM.Collect$$libinit$$00000013) for __rt_lib_init_lc_ctype_1
    libinit.o(.ARM.Collect$$libinit$$00000000) refers (Special) to libinit2.o(.ARM.Collect$$libinit$$00000015) for __rt_lib_init_lc_monetary_1
    libinit.o(.ARM.Collect$$libinit$$00000000) refers (Special) to libinit2.o(.ARM.Collect$$libinit$$00000017) for __rt_lib_init_lc_numeric_1
    libinit.o(.ARM.Collect$$libinit$$00000000) refers (Special) to libinit2.o(.ARM.Collect$$libinit$$00000019) for __rt_lib_init_lc_time_1
    libinit.o(.ARM.Collect$$libinit$$00000000) refers (Special) to libinit2.o(.ARM.Collect$$libinit$$00000004) for __rt_lib_init_preinit_1
    libinit.o(.ARM.Collect$$libinit$$00000000) refers (Special) to libinit2.o(.ARM.Collect$$libinit$$0000000E) for __rt_lib_init_rand_1
    libinit.o(.ARM.Collect$$libinit$$00000000) refers (Special) to libinit2.o(.ARM.Collect$$libinit$$00000033) for __rt_lib_init_return
    libinit.o(.ARM.Collect$$libinit$$00000000) refers (Special) to libinit2.o(.ARM.Collect$$libinit$$0000001D) for __rt_lib_init_signal_1
    libinit.o(.ARM.Collect$$libinit$$00000000) refers (Special) to libinit2.o(.ARM.Collect$$libinit$$00000025) for __rt_lib_init_stdio_1
    libinit.o(.ARM.Collect$$libinit$$00000000) refers (Special) to libinit2.o(.ARM.Collect$$libinit$$0000000C) for __rt_lib_init_user_alloc_1
    libspace.o(.text) refers to libspace.o(.bss) for __libspace_start
    rtexit.o(.ARM.Collect$$rtexit$$00000000) refers (Special) to rtexit2.o(.ARM.Collect$$rtexit$$00000004) for __rt_exit_exit
    rtexit.o(.ARM.Collect$$rtexit$$00000000) refers (Special) to rtexit2.o(.ARM.Collect$$rtexit$$00000003) for __rt_exit_ls
    rtexit.o(.ARM.Collect$$rtexit$$00000000) refers (Special) to rtexit2.o(.ARM.Collect$$rtexit$$00000002) for __rt_exit_prels_1
    rtexit.o(.ARM.exidx) refers (Special) to rtexit2.o(.ARM.Collect$$rtexit$$00000004) for __rt_exit_exit
    rtexit.o(.ARM.exidx) refers (Special) to rtexit2.o(.ARM.Collect$$rtexit$$00000003) for __rt_exit_ls
    rtexit.o(.ARM.exidx) refers (Special) to rtexit2.o(.ARM.Collect$$rtexit$$00000002) for __rt_exit_prels_1
    rtexit.o(.ARM.exidx) refers to rtexit.o(.ARM.Collect$$rtexit$$00000000) for .ARM.Collect$$rtexit$$00000000
    libinit2.o(.ARM.Collect$$libinit$$00000010) refers to libinit2.o(.ARM.Collect$$libinit$$0000000F) for .ARM.Collect$$libinit$$0000000F
    libinit2.o(.ARM.Collect$$libinit$$00000012) refers to libinit2.o(.ARM.Collect$$libinit$$0000000F) for .ARM.Collect$$libinit$$0000000F
    libinit2.o(.ARM.Collect$$libinit$$00000014) refers to libinit2.o(.ARM.Collect$$libinit$$0000000F) for .ARM.Collect$$libinit$$0000000F
    libinit2.o(.ARM.Collect$$libinit$$00000016) refers to libinit2.o(.ARM.Collect$$libinit$$0000000F) for .ARM.Collect$$libinit$$0000000F
    libinit2.o(.ARM.Collect$$libinit$$00000018) refers to libinit2.o(.ARM.Collect$$libinit$$0000000F) for .ARM.Collect$$libinit$$0000000F
    libinit2.o(.ARM.Collect$$libinit$$00000026) refers to argv_veneer.o(.emb_text) for __ARM_argv_veneer
    libinit2.o(.ARM.Collect$$libinit$$00000027) refers to argv_veneer.o(.emb_text) for __ARM_argv_veneer
    rtexit2.o(.ARM.Collect$$rtexit$$00000003) refers to libshutdown.o(.ARM.Collect$$libshutdown$$00000000) for __rt_lib_shutdown
    rtexit2.o(.ARM.Collect$$rtexit$$00000004) refers to sys_exit.o(.text) for _sys_exit
    rtexit2.o(.ARM.exidx) refers to rtexit2.o(.ARM.Collect$$rtexit$$00000001) for .ARM.Collect$$rtexit$$00000001
    rtexit2.o(.ARM.exidx) refers to rtexit2.o(.ARM.Collect$$rtexit$$00000003) for .ARM.Collect$$rtexit$$00000003
    rtexit2.o(.ARM.exidx) refers to rtexit2.o(.ARM.Collect$$rtexit$$00000004) for .ARM.Collect$$rtexit$$00000004
    argv_veneer.o(.emb_text) refers to no_argv.o(.text) for __ARM_get_argv
    sys_exit.o(.text) refers (Special) to use_no_semi.o(.text) for __I$use$semihosting
    sys_exit.o(.text) refers (Special) to indicate_semi.o(.text) for __semihosting_library_function
    sys_exit_hlt.o(.text) refers (Special) to use_no_semi.o(.text) for __I$use$semihosting
    sys_exit_hlt.o(.text) refers (Special) to indicate_semi.o(.text) for __semihosting_library_function
    _get_argv_nomalloc.o(.text) refers (Special) to hrguard.o(.text) for __heap_region$guard
    _get_argv_nomalloc.o(.text) refers to defsig_rtmem_outer.o(.text) for __rt_SIGRTMEM
    _get_argv_nomalloc.o(.text) refers to sys_command.o(.text) for _sys_command_string
    libshutdown.o(.ARM.Collect$$libshutdown$$00000000) refers (Special) to libshutdown2.o(.ARM.Collect$$libshutdown$$00000002) for __rt_lib_shutdown_cpp_1
    libshutdown.o(.ARM.Collect$$libshutdown$$00000000) refers (Special) to libshutdown2.o(.ARM.Collect$$libshutdown$$00000007) for __rt_lib_shutdown_fp_trap_1
    libshutdown.o(.ARM.Collect$$libshutdown$$00000000) refers (Special) to libshutdown2.o(.ARM.Collect$$libshutdown$$0000000F) for __rt_lib_shutdown_heap_1
    libshutdown.o(.ARM.Collect$$libshutdown$$00000000) refers (Special) to libshutdown2.o(.ARM.Collect$$libshutdown$$00000010) for __rt_lib_shutdown_return
    libshutdown.o(.ARM.Collect$$libshutdown$$00000000) refers (Special) to libshutdown2.o(.ARM.Collect$$libshutdown$$0000000A) for __rt_lib_shutdown_signal_1
    libshutdown.o(.ARM.Collect$$libshutdown$$00000000) refers (Special) to libshutdown2.o(.ARM.Collect$$libshutdown$$00000004) for __rt_lib_shutdown_stdio_1
    libshutdown.o(.ARM.Collect$$libshutdown$$00000000) refers (Special) to libshutdown2.o(.ARM.Collect$$libshutdown$$0000000C) for __rt_lib_shutdown_user_alloc_1
    sys_command.o(.text) refers (Special) to use_no_semi.o(.text) for __I$use$semihosting
    sys_command.o(.text) refers (Special) to indicate_semi.o(.text) for __semihosting_library_function
    sys_command_hlt.o(.text) refers (Special) to use_no_semi.o(.text) for __I$use$semihosting
    sys_command_hlt.o(.text) refers (Special) to indicate_semi.o(.text) for __semihosting_library_function
    defsig_rtmem_outer.o(.text) refers to defsig_rtmem_inner.o(.text) for __rt_SIGRTMEM_inner
    defsig_rtmem_outer.o(.text) refers to defsig_exit.o(.text) for __sig_exit
    defsig_rtmem_formal.o(.text) refers to rt_raise.o(.text) for __rt_raise
    rt_raise.o(.text) refers to __raise.o(.text) for __raise
    rt_raise.o(.text) refers to sys_exit.o(.text) for _sys_exit
    defsig_exit.o(.text) refers to sys_exit.o(.text) for _sys_exit
    defsig_rtmem_inner.o(.text) refers to defsig_general.o(.text) for __default_signal_display
    __raise.o(.text) refers to defsig.o(CL$$defsig) for __default_signal_handler
    defsig_general.o(.text) refers to sys_wrch.o(.text) for _ttywrch
    sys_wrch.o(.text) refers (Special) to use_no_semi.o(.text) for __I$use$semihosting
    sys_wrch.o(.text) refers (Special) to indicate_semi.o(.text) for __semihosting_library_function
    sys_wrch_hlt.o(.text) refers (Special) to use_no_semi.o(.text) for __I$use$semihosting
    sys_wrch_hlt.o(.text) refers (Special) to indicate_semi.o(.text) for __semihosting_library_function
    defsig.o(CL$$defsig) refers to defsig_rtmem_inner.o(.text) for __rt_SIGRTMEM_inner
    defsig_abrt_inner.o(.text) refers to defsig_general.o(.text) for __default_signal_display
    defsig_fpe_inner.o(.text) refers to defsig_general.o(.text) for __default_signal_display
    defsig_rtred_inner.o(.text) refers to defsig_general.o(.text) for __default_signal_display
    defsig_stak_inner.o(.text) refers to defsig_general.o(.text) for __default_signal_display
    defsig_pvfn_inner.o(.text) refers to defsig_general.o(.text) for __default_signal_display
    defsig_cppl_inner.o(.text) refers to defsig_general.o(.text) for __default_signal_display
    defsig_segv_inner.o(.text) refers to defsig_general.o(.text) for __default_signal_display
    defsig_other.o(.text) refers to defsig_general.o(.text) for __default_signal_display


==============================================================================

Removing Unused input sections from the image.

    Removing gp_drive.o(.text), (0 bytes).
    Removing gp_drive.o(.ARM.exidx.text.init_GP), (8 bytes).
    Removing gp_drive.o(.text.read_GP), (44 bytes).
    Removing gp_drive.o(.ARM.exidx.text.read_GP), (8 bytes).
    Removing gp_drive.o(.ARM.exidx.text.write_GP), (8 bytes).
    Removing gp_drive.o(.text.toggle_GP), (26 bytes).
    Removing gp_drive.o(.ARM.exidx.text.toggle_GP), (8 bytes).
    Removing main.o(.text), (0 bytes).
    Removing main.o(.ARM.exidx.text.main), (8 bytes).
    Removing main.o(.ARM.exidx.text.init_BAK_reg), (8 bytes).
    Removing main.o(.ARM.exidx.text.init_RTC), (8 bytes).
    Removing main.o(.ARM.exidx.text.write_BAK_reg), (8 bytes).
    Removing main.o(.ARM.exidx.text.read_BAK_reg), (8 bytes).
    Removing main.o(.ARM.exidx.text.USART2_IRQHandler), (8 bytes).
    Removing main.o(.ARM.exidx.text.USART3_IRQHandler), (8 bytes).
    Removing main.o(.ARM.exidx.text.SysTick_Handler), (8 bytes).
    Removing main.o(.ARM.exidx.text.RTC_IRQHandler), (8 bytes).
    Removing main.o(.ARM.exidx.text.__NVIC_ClearPendingIRQ), (8 bytes).
    Removing main.o(.ARM.exidx.text.__NVIC_EnableIRQ), (8 bytes).
    Removing main.o(.bss.uart_1_mgr), (14 bytes).
    Removing main.o(.ARM.use_no_argv), (4 bytes).
    Removing sim800_drive.o(.text), (0 bytes).
    Removing sim800_drive.o(.ARM.exidx.text.sim800_send_sms), (8 bytes).
    Removing sim800_drive.o(.rodata..L__const.sim800_send_sms.buf2_tmpe), (10 bytes).
    Removing sim800_drive.o(.rodata..L__const.sim800_send_sms.buf2_humi), (15 bytes).
    Removing sim800_drive.o(.rodata..L__const.sim800_send_sms.buf2_ligh), (12 bytes).
    Removing sim800_drive.o(.rodata..L__const.sim800_send_sms.buf2_batt), (12 bytes).
    Removing str_lib.o(.text), (0 bytes).
    Removing str_lib.o(.text.str_empty), (24 bytes).
    Removing str_lib.o(.ARM.exidx.text.str_empty), (8 bytes).
    Removing str_lib.o(.text.str_len), (24 bytes).
    Removing str_lib.o(.ARM.exidx.text.str_len), (8 bytes).
    Removing str_lib.o(.text.str_find), (102 bytes).
    Removing str_lib.o(.ARM.exidx.text.str_find), (8 bytes).
    Removing str_lib.o(.text.str_findL), (42 bytes).
    Removing str_lib.o(.ARM.exidx.text.str_findL), (8 bytes).
    Removing str_lib.o(.ARM.exidx.text.str_concat), (8 bytes).
    Removing str_lib.o(.ARM.exidx.text.int2str), (8 bytes).
    Removing str_lib.o(.text.char2int), (108 bytes).
    Removing str_lib.o(.ARM.exidx.text.char2int), (8 bytes).
    Removing systick_lib.o(.text), (0 bytes).
    Removing systick_lib.o(.ARM.exidx.text.systick_init), (8 bytes).
    Removing systick_lib.o(.ARM.exidx.text.delay_milis), (8 bytes).
    Removing systick_lib.o(.ARM.exidx.text.delay_MS), (8 bytes).
    Removing systick_lib.o(.ARM.exidx.text.systick_inter_start), (8 bytes).
    Removing systick_lib.o(.text.systick_inter), (84 bytes).
    Removing systick_lib.o(.ARM.exidx.text.systick_inter), (8 bytes).
    Removing uart_drive.o(.text), (0 bytes).
    Removing uart_drive.o(.ARM.exidx.text.UART_init), (8 bytes).
    Removing uart_drive.o(.ARM.exidx.text.USART_BRR), (8 bytes).
    Removing uart_drive.o(.ARM.exidx.text.__NVIC_EnableIRQ), (8 bytes).
    Removing uart_drive.o(.ARM.exidx.text.UART_rx), (8 bytes).
    Removing uart_drive.o(.ARM.exidx.text.UART_tx), (8 bytes).
    Removing uart_drive.o(.ARM.exidx.text.UART_isr), (8 bytes).
    Removing uart_drive.o(.ARM.exidx.text.UART_send), (8 bytes).
    Removing uart_drive.o(.text.UART_msg), (14 bytes).
    Removing uart_drive.o(.ARM.exidx.text.UART_msg), (8 bytes).
    Removing adc_drive.o(.text), (0 bytes).
    Removing adc_drive.o(.ARM.exidx.text.single_readout_ADC1_regu), (8 bytes).
    Removing adc_drive.o(.ARM.exidx.text.update_adc_readouts), (8 bytes).
    Removing system_stm32f10x.o(.text), (0 bytes).
    Removing system_stm32f10x.o(.ARM.exidx.text.SystemInit), (8 bytes).
    Removing system_stm32f10x.o(.ARM.exidx.text.SetSysClock), (8 bytes).
    Removing system_stm32f10x.o(.text.SystemCoreClockUpdate), (110 bytes).
    Removing system_stm32f10x.o(.ARM.exidx.text.SystemCoreClockUpdate), (8 bytes).
    Removing system_stm32f10x.o(.ARM.exidx.text.SetSysClockTo72), (8 bytes).
    Removing system_stm32f10x.o(.data.SystemCoreClock), (4 bytes).
    Removing system_stm32f10x.o(.rodata.AHBPrescTable), (16 bytes).

68 unused section(s) (total 1001 bytes) removed from the image.

==============================================================================

Image Symbol Table

    Local Symbols

    Symbol Name                              Value     Ov Type        Size  Object(Section)

    ../clib/angel/boardlib.s                 0x00000000   Number         0  boardinit1.o ABSOLUTE
    ../clib/angel/boardlib.s                 0x00000000   Number         0  boardinit2.o ABSOLUTE
    ../clib/angel/boardlib.s                 0x00000000   Number         0  boardinit3.o ABSOLUTE
    ../clib/angel/boardlib.s                 0x00000000   Number         0  boardshut.o ABSOLUTE
    ../clib/angel/handlers.s                 0x00000000   Number         0  __scatter_copy.o ABSOLUTE
    ../clib/angel/handlers.s                 0x00000000   Number         0  __scatter_zi.o ABSOLUTE
    ../clib/angel/kernel.s                   0x00000000   Number         0  __rtentry.o ABSOLUTE
    ../clib/angel/kernel.s                   0x00000000   Number         0  __rtentry2.o ABSOLUTE
    ../clib/angel/kernel.s                   0x00000000   Number         0  __rtentry4.o ABSOLUTE
    ../clib/angel/kernel.s                   0x00000000   Number         0  rtexit.o ABSOLUTE
    ../clib/angel/kernel.s                   0x00000000   Number         0  rtexit2.o ABSOLUTE
    ../clib/angel/rt.s                       0x00000000   Number         0  rt_raise.o ABSOLUTE
    ../clib/angel/scatter.s                  0x00000000   Number         0  __scatter.o ABSOLUTE
    ../clib/angel/startup.s                  0x00000000   Number         0  __main.o ABSOLUTE
    ../clib/angel/sys.s                      0x00000000   Number         0  sys_stackheap_outer.o ABSOLUTE
    ../clib/angel/sys.s                      0x00000000   Number         0  libspace.o ABSOLUTE
    ../clib/angel/sys.s                      0x00000000   Number         0  use_no_semi.o ABSOLUTE
    ../clib/angel/sys.s                      0x00000000   Number         0  indicate_semi.o ABSOLUTE
    ../clib/angel/sysapp.c                   0x00000000   Number         0  sys_exit.o ABSOLUTE
    ../clib/angel/sysapp.c                   0x00000000   Number         0  sys_exit_hlt.o ABSOLUTE
    ../clib/angel/sysapp.c                   0x00000000   Number         0  sys_command.o ABSOLUTE
    ../clib/angel/sysapp.c                   0x00000000   Number         0  sys_command_hlt.o ABSOLUTE
    ../clib/angel/sysapp.c                   0x00000000   Number         0  sys_wrch.o ABSOLUTE
    ../clib/angel/sysapp.c                   0x00000000   Number         0  sys_wrch_hlt.o ABSOLUTE
    ../clib/armsys.c                         0x00000000   Number         0  argv_veneer.o ABSOLUTE
    ../clib/armsys.c                         0x00000000   Number         0  argv_veneer.o ABSOLUTE
    ../clib/armsys.c                         0x00000000   Number         0  _get_argv_nomalloc.o ABSOLUTE
    ../clib/armsys.c                         0x00000000   Number         0  no_argv.o ABSOLUTE
    ../clib/heapalloc.c                      0x00000000   Number         0  hrguard.o ABSOLUTE
    ../clib/heapaux.c                        0x00000000   Number         0  heapauxi.o ABSOLUTE
    ../clib/libinit.s                        0x00000000   Number         0  libinit.o ABSOLUTE
    ../clib/libinit.s                        0x00000000   Number         0  libinit2.o ABSOLUTE
    ../clib/libinit.s                        0x00000000   Number         0  libshutdown.o ABSOLUTE
    ../clib/libinit.s                        0x00000000   Number         0  libshutdown2.o ABSOLUTE
    ../clib/signal.c                         0x00000000   Number         0  defsig_rtmem_outer.o ABSOLUTE
    ../clib/signal.c                         0x00000000   Number         0  defsig_rtmem_formal.o ABSOLUTE
    ../clib/signal.c                         0x00000000   Number         0  defsig_exit.o ABSOLUTE
    ../clib/signal.c                         0x00000000   Number         0  defsig_rtmem_inner.o ABSOLUTE
    ../clib/signal.c                         0x00000000   Number         0  __raise.o ABSOLUTE
    ../clib/signal.c                         0x00000000   Number         0  defsig_general.o ABSOLUTE
    ../clib/signal.c                         0x00000000   Number         0  defsig_abrt_inner.o ABSOLUTE
    ../clib/signal.c                         0x00000000   Number         0  defsig_fpe_inner.o ABSOLUTE
    ../clib/signal.c                         0x00000000   Number         0  defsig_rtred_inner.o ABSOLUTE
    ../clib/signal.c                         0x00000000   Number         0  defsig_stak_inner.o ABSOLUTE
    ../clib/signal.c                         0x00000000   Number         0  defsig_pvfn_inner.o ABSOLUTE
    ../clib/signal.c                         0x00000000   Number         0  defsig_cppl_inner.o ABSOLUTE
    ../clib/signal.c                         0x00000000   Number         0  defsig_segv_inner.o ABSOLUTE
    ../clib/signal.c                         0x00000000   Number         0  defsig_other.o ABSOLUTE
    ../clib/signal.s                         0x00000000   Number         0  defsig.o ABSOLUTE
    ../clib/stdlib.c                         0x00000000   Number         0  exit.o ABSOLUTE
    ../fplib/daddsub.s                       0x00000000   Number         0  daddsub_clz.o ABSOLUTE
    ../fplib/dcmp.s                          0x00000000   Number         0  dcmp.o ABSOLUTE
    ../fplib/dcmpi.s                         0x00000000   Number         0  dcmpi.o ABSOLUTE
    ../fplib/ddiv.s                          0x00000000   Number         0  ddiv.o ABSOLUTE
    ../fplib/deqf.s                          0x00000000   Number         0  deqf.o ABSOLUTE
    ../fplib/dfixu.s                         0x00000000   Number         0  dfixu.o ABSOLUTE
    ../fplib/dflt.s                          0x00000000   Number         0  dflt_clz.o ABSOLUTE
    ../fplib/dgeqf.s                         0x00000000   Number         0  dgeqf.o ABSOLUTE
    ../fplib/dleqf.s                         0x00000000   Number         0  dleqf.o ABSOLUTE
    ../fplib/dmul.s                          0x00000000   Number         0  dmul.o ABSOLUTE
    ../fplib/dnaninf.s                       0x00000000   Number         0  dnaninf.o ABSOLUTE
    ../fplib/dretinf.s                       0x00000000   Number         0  dretinf.o ABSOLUTE
    ../fplib/fpinit.s                        0x00000000   Number         0  fpinit.o ABSOLUTE
    ../fplib/fpinit_empty.s                  0x00000000   Number         0  fpinit_empty.o ABSOLUTE
    ../fplib/usenofp.s                       0x00000000   Number         0  usenofp.o ABSOLUTE
    RTE/Device/STM32F103C8/startup_stm32f10x_md.s 0x00000000   Number         0  startup_stm32f10x_md.o ABSOLUTE
    adc_drive.c                              0x00000000   Number         0  adc_drive.o ABSOLUTE
    dc.s                                     0x00000000   Number         0  dc.o ABSOLUTE
    gp_drive.c                               0x00000000   Number         0  gp_drive.o ABSOLUTE
    main.c                                   0x00000000   Number         0  main.o ABSOLUTE
    sim800_drive.c                           0x00000000   Number         0  sim800_drive.o ABSOLUTE
    str_lib.c                                0x00000000   Number         0  str_lib.o ABSOLUTE
    system_stm32f10x.c                       0x00000000   Number         0  system_stm32f10x.o ABSOLUTE
    systick_lib.c                            0x00000000   Number         0  systick_lib.o ABSOLUTE
    uart_drive.c                             0x00000000   Number         0  uart_drive.o ABSOLUTE
    RESET                                    0x08000000   Section      236  startup_stm32f10x_md.o(RESET)
    !!!main                                  0x080000ec   Section        8  __main.o(!!!main)
    !!!scatter                               0x080000f4   Section       52  __scatter.o(!!!scatter)
    !!handler_copy                           0x08000128   Section       26  __scatter_copy.o(!!handler_copy)
    !!handler_zi                             0x08000144   Section       28  __scatter_zi.o(!!handler_zi)
    .ARM.Collect$$libinit$$00000000          0x08000160   Section        2  libinit.o(.ARM.Collect$$libinit$$00000000)
    .ARM.Collect$$libinit$$00000002          0x08000162   Section        0  libinit2.o(.ARM.Collect$$libinit$$00000002)
    .ARM.Collect$$libinit$$00000004          0x08000162   Section        0  libinit2.o(.ARM.Collect$$libinit$$00000004)
    .ARM.Collect$$libinit$$0000000A          0x08000162   Section        0  libinit2.o(.ARM.Collect$$libinit$$0000000A)
    .ARM.Collect$$libinit$$0000000C          0x08000162   Section        0  libinit2.o(.ARM.Collect$$libinit$$0000000C)
    .ARM.Collect$$libinit$$0000000E          0x08000162   Section        0  libinit2.o(.ARM.Collect$$libinit$$0000000E)
    .ARM.Collect$$libinit$$00000011          0x08000162   Section        0  libinit2.o(.ARM.Collect$$libinit$$00000011)
    .ARM.Collect$$libinit$$00000013          0x08000162   Section        0  libinit2.o(.ARM.Collect$$libinit$$00000013)
    .ARM.Collect$$libinit$$00000015          0x08000162   Section        0  libinit2.o(.ARM.Collect$$libinit$$00000015)
    .ARM.Collect$$libinit$$00000017          0x08000162   Section        0  libinit2.o(.ARM.Collect$$libinit$$00000017)
    .ARM.Collect$$libinit$$00000019          0x08000162   Section        0  libinit2.o(.ARM.Collect$$libinit$$00000019)
    .ARM.Collect$$libinit$$0000001B          0x08000162   Section        0  libinit2.o(.ARM.Collect$$libinit$$0000001B)
    .ARM.Collect$$libinit$$0000001D          0x08000162   Section        0  libinit2.o(.ARM.Collect$$libinit$$0000001D)
    .ARM.Collect$$libinit$$0000001F          0x08000162   Section        0  libinit2.o(.ARM.Collect$$libinit$$0000001F)
    .ARM.Collect$$libinit$$00000021          0x08000162   Section        0  libinit2.o(.ARM.Collect$$libinit$$00000021)
    .ARM.Collect$$libinit$$00000023          0x08000162   Section        0  libinit2.o(.ARM.Collect$$libinit$$00000023)
    .ARM.Collect$$libinit$$00000025          0x08000162   Section        0  libinit2.o(.ARM.Collect$$libinit$$00000025)
    .ARM.Collect$$libinit$$0000002C          0x08000162   Section        0  libinit2.o(.ARM.Collect$$libinit$$0000002C)
    .ARM.Collect$$libinit$$0000002E          0x08000162   Section        0  libinit2.o(.ARM.Collect$$libinit$$0000002E)
    .ARM.Collect$$libinit$$00000030          0x08000162   Section        0  libinit2.o(.ARM.Collect$$libinit$$00000030)
    .ARM.Collect$$libinit$$00000032          0x08000162   Section        0  libinit2.o(.ARM.Collect$$libinit$$00000032)
    .ARM.Collect$$libinit$$00000033          0x08000162   Section        2  libinit2.o(.ARM.Collect$$libinit$$00000033)
    .ARM.Collect$$libshutdown$$00000000      0x08000164   Section        2  libshutdown.o(.ARM.Collect$$libshutdown$$00000000)
    .ARM.Collect$$libshutdown$$00000002      0x08000166   Section        0  libshutdown2.o(.ARM.Collect$$libshutdown$$00000002)
    .ARM.Collect$$libshutdown$$00000004      0x08000166   Section        0  libshutdown2.o(.ARM.Collect$$libshutdown$$00000004)
    .ARM.Collect$$libshutdown$$00000007      0x08000166   Section        0  libshutdown2.o(.ARM.Collect$$libshutdown$$00000007)
    .ARM.Collect$$libshutdown$$0000000A      0x08000166   Section        0  libshutdown2.o(.ARM.Collect$$libshutdown$$0000000A)
    .ARM.Collect$$libshutdown$$0000000C      0x08000166   Section        0  libshutdown2.o(.ARM.Collect$$libshutdown$$0000000C)
    .ARM.Collect$$libshutdown$$0000000F      0x08000166   Section        0  libshutdown2.o(.ARM.Collect$$libshutdown$$0000000F)
    .ARM.Collect$$libshutdown$$00000010      0x08000166   Section        2  libshutdown2.o(.ARM.Collect$$libshutdown$$00000010)
    .ARM.Collect$$rtentry$$00000000          0x08000168   Section        0  __rtentry.o(.ARM.Collect$$rtentry$$00000000)
    .ARM.Collect$$rtentry$$00000002          0x08000168   Section        0  __rtentry2.o(.ARM.Collect$$rtentry$$00000002)
    .ARM.Collect$$rtentry$$00000004          0x08000168   Section        6  __rtentry4.o(.ARM.Collect$$rtentry$$00000004)
    .ARM.Collect$$rtentry$$00000009          0x0800016e   Section        0  __rtentry2.o(.ARM.Collect$$rtentry$$00000009)
    .ARM.Collect$$rtentry$$0000000A          0x0800016e   Section        4  __rtentry2.o(.ARM.Collect$$rtentry$$0000000A)
    .ARM.Collect$$rtentry$$0000000C          0x08000172   Section        0  __rtentry2.o(.ARM.Collect$$rtentry$$0000000C)
    .ARM.Collect$$rtentry$$0000000D          0x08000172   Section        8  __rtentry2.o(.ARM.Collect$$rtentry$$0000000D)
    .ARM.Collect$$rtexit$$00000000           0x0800017a   Section        2  rtexit.o(.ARM.Collect$$rtexit$$00000000)
    .ARM.Collect$$rtexit$$00000002           0x0800017c   Section        0  rtexit2.o(.ARM.Collect$$rtexit$$00000002)
    .ARM.Collect$$rtexit$$00000003           0x0800017c   Section        4  rtexit2.o(.ARM.Collect$$rtexit$$00000003)
    .ARM.Collect$$rtexit$$00000004           0x08000180   Section        6  rtexit2.o(.ARM.Collect$$rtexit$$00000004)
    .text                                    0x08000188   Section       64  startup_stm32f10x_md.o(.text)
    .text                                    0x080001c8   Section        0  heapauxi.o(.text)
    .text                                    0x080001ce   Section       74  sys_stackheap_outer.o(.text)
    .text                                    0x08000218   Section        0  exit.o(.text)
    .text                                    0x0800022c   Section        8  libspace.o(.text)
    .text                                    0x08000234   Section        0  sys_exit.o(.text)
    .text                                    0x08000240   Section        2  use_no_semi.o(.text)
    .text                                    0x08000242   Section        0  indicate_semi.o(.text)
    [Anonymous Symbol]                       0x08000244   Section        0  main.o(.text.RTC_IRQHandler)
    SetSysClock                              0x08000295   Thumb Code     8  system_stm32f10x.o(.text.SetSysClock)
    [Anonymous Symbol]                       0x08000294   Section        0  system_stm32f10x.o(.text.SetSysClock)
    SetSysClockTo72                          0x0800029d   Thumb Code   190  system_stm32f10x.o(.text.SetSysClockTo72)
    [Anonymous Symbol]                       0x0800029c   Section        0  system_stm32f10x.o(.text.SetSysClockTo72)
    [Anonymous Symbol]                       0x0800035c   Section        0  main.o(.text.SysTick_Handler)
    [Anonymous Symbol]                       0x08000360   Section        0  system_stm32f10x.o(.text.SystemInit)
    [Anonymous Symbol]                       0x080003b8   Section        0  uart_drive.o(.text.UART_init)
    [Anonymous Symbol]                       0x080004fc   Section        0  uart_drive.o(.text.UART_isr)
    [Anonymous Symbol]                       0x08000540   Section        0  uart_drive.o(.text.UART_rx)
    [Anonymous Symbol]                       0x08000598   Section        0  uart_drive.o(.text.UART_send)
    [Anonymous Symbol]                       0x080005bc   Section        0  uart_drive.o(.text.UART_tx)
    [Anonymous Symbol]                       0x0800060c   Section        0  main.o(.text.USART2_IRQHandler)
    [Anonymous Symbol]                       0x08000628   Section        0  main.o(.text.USART3_IRQHandler)
    [Anonymous Symbol]                       0x08000644   Section        0  uart_drive.o(.text.USART_BRR)
    __NVIC_ClearPendingIRQ                   0x080006f9   Thumb Code    14  main.o(.text.__NVIC_ClearPendingIRQ)
    [Anonymous Symbol]                       0x080006f8   Section        0  main.o(.text.__NVIC_ClearPendingIRQ)
    __NVIC_EnableIRQ                         0x08000709   Thumb Code    14  main.o(.text.__NVIC_EnableIRQ)
    [Anonymous Symbol]                       0x08000708   Section        0  main.o(.text.__NVIC_EnableIRQ)
    __NVIC_EnableIRQ                         0x08000719   Thumb Code    32  uart_drive.o(.text.__NVIC_EnableIRQ)
    [Anonymous Symbol]                       0x08000718   Section        0  uart_drive.o(.text.__NVIC_EnableIRQ)
    [Anonymous Symbol]                       0x08000738   Section        0  systick_lib.o(.text.delay_MS)
    [Anonymous Symbol]                       0x08000750   Section        0  systick_lib.o(.text.delay_milis)
    [Anonymous Symbol]                       0x08000770   Section        0  main.o(.text.init_BAK_reg)
    [Anonymous Symbol]                       0x08000794   Section        0  gp_drive.o(.text.init_GP)
    [Anonymous Symbol]                       0x0800080c   Section        0  main.o(.text.init_RTC)
    [Anonymous Symbol]                       0x080008a8   Section        0  str_lib.o(.text.int2str)
    [Anonymous Symbol]                       0x08000914   Section        0  main.o(.text.main)
    [Anonymous Symbol]                       0x08000a90   Section        0  main.o(.text.read_BAK_reg)
    [Anonymous Symbol]                       0x08000a9c   Section        0  sim800_drive.o(.text.sim800_send_sms)
    [Anonymous Symbol]                       0x08000c20   Section        0  adc_drive.o(.text.single_readout_ADC1_regu)
    [Anonymous Symbol]                       0x08000c3c   Section        0  str_lib.o(.text.str_concat)
    [Anonymous Symbol]                       0x08000c84   Section        0  systick_lib.o(.text.systick_init)
    [Anonymous Symbol]                       0x08000cac   Section        0  systick_lib.o(.text.systick_inter_start)
    [Anonymous Symbol]                       0x08000cd8   Section        0  adc_drive.o(.text.update_adc_readouts)
    [Anonymous Symbol]                       0x08000d00   Section        0  main.o(.text.write_BAK_reg)
    [Anonymous Symbol]                       0x08000d0c   Section        0  gp_drive.o(.text.write_GP)
    x$fpl$dadd                               0x08000d4c   Section      336  daddsub_clz.o(x$fpl$dadd)
    _dadd1                                   0x08000d5d   Thumb Code     0  daddsub_clz.o(x$fpl$dadd)
    x$fpl$dcmpinf                            0x08000e9c   Section       24  dcmpi.o(x$fpl$dcmpinf)
    x$fpl$ddiv                               0x08000eb4   Section      688  ddiv.o(x$fpl$ddiv)
    ddiv_entry                               0x08000ebb   Thumb Code     0  ddiv.o(x$fpl$ddiv)
    x$fpl$deqf                               0x08001164   Section      120  deqf.o(x$fpl$deqf)
    x$fpl$dfixu                              0x080011dc   Section       90  dfixu.o(x$fpl$dfixu)
    x$fpl$dfltu                              0x08001236   Section       38  dflt_clz.o(x$fpl$dfltu)
    x$fpl$dgeqf                              0x0800125c   Section      120  dgeqf.o(x$fpl$dgeqf)
    x$fpl$dleqf                              0x080012d4   Section      120  dleqf.o(x$fpl$dleqf)
    x$fpl$dmul                               0x0800134c   Section      340  dmul.o(x$fpl$dmul)
    x$fpl$dnaninf                            0x080014a0   Section      156  dnaninf.o(x$fpl$dnaninf)
    x$fpl$dretinf                            0x0800153c   Section       12  dretinf.o(x$fpl$dretinf)
    x$fpl$dsub                               0x08001548   Section      468  daddsub_clz.o(x$fpl$dsub)
    _dsub1                                   0x08001559   Thumb Code     0  daddsub_clz.o(x$fpl$dsub)
    x$fpl$fcmp                               0x0800171c   Section       84  dcmp.o(x$fpl$fcmp)
    x$fpl$usenofp                            0x08001770   Section        0  usenofp.o(x$fpl$usenofp)
    order_term_buf                           0x20000000   Data           3  sim800_drive.o(.data.order_term_buf)
    [Anonymous Symbol]                       0x20000000   Section        0  sim800_drive.o(.data.order_term_buf)
    sms_term_buf                             0x20000003   Data           4  sim800_drive.o(.data.sms_term_buf)
    [Anonymous Symbol]                       0x20000003   Section        0  sim800_drive.o(.data.sms_term_buf)
    .bss                                     0x20000008   Section       96  libspace.o(.bss)
    USART_2_msg                              0x20000070   Data         250  main.o(.bss.USART_2_msg)
    [Anonymous Symbol]                       0x20000070   Section        0  main.o(.bss.USART_2_msg)
    USART_3_msg                              0x2000016a   Data        2000  main.o(.bss.USART_3_msg)
    [Anonymous Symbol]                       0x2000016a   Section        0  main.o(.bss.USART_3_msg)
    Heap_Mem                                 0x20000958   Data         512  startup_stm32f10x_md.o(HEAP)
    HEAP                                     0x20000958   Section      512  startup_stm32f10x_md.o(HEAP)
    Stack_Mem                                0x20000b58   Data        1024  startup_stm32f10x_md.o(STACK)
    STACK                                    0x20000b58   Section     1024  startup_stm32f10x_md.o(STACK)
    __initial_sp                             0x20000f58   Data           0  startup_stm32f10x_md.o(STACK)

    Global Symbols

    Symbol Name                              Value     Ov Type        Size  Object(Section)

    BuildAttributes$$THM_ISAv4$P$D$K$B$S$PE$A:L22UL41UL21$X:L11$S22US41US21$IEEE1$IW$~IW$USESV6$~STKCKD$USESV7$~SHL$OTIME$ROPI$EBA8$UX$STANDARDLIB$REQ8$PRES8$EABIv2 0x00000000   Number         0  anon$$obj.o ABSOLUTE
    __fp_init_empty                          0x00000000   Number         0  fpinit_empty.o ABSOLUTE
    __ARM_exceptions_init                     - Undefined Weak Reference
    __alloca_initialize                       - Undefined Weak Reference
    __arm_preinit_                            - Undefined Weak Reference
    __cpp_initialize__aeabi_                  - Undefined Weak Reference
    __cxa_finalize                            - Undefined Weak Reference
    __rt_locale                               - Undefined Weak Reference
    __sigvec_lookup                           - Undefined Weak Reference
    _atexit_init                              - Undefined Weak Reference
    _call_atexit_fns                          - Undefined Weak Reference
    _clock_init                               - Undefined Weak Reference
    _fp_trap_init                             - Undefined Weak Reference
    _fp_trap_shutdown                         - Undefined Weak Reference
    _get_lc_collate                           - Undefined Weak Reference
    _get_lc_ctype                             - Undefined Weak Reference
    _get_lc_monetary                          - Undefined Weak Reference
    _get_lc_numeric                           - Undefined Weak Reference
    _get_lc_time                              - Undefined Weak Reference
    _getenv_init                              - Undefined Weak Reference
    _handle_redirection                       - Undefined Weak Reference
    _init_alloc                               - Undefined Weak Reference
    _init_user_alloc                          - Undefined Weak Reference
    _initio                                   - Undefined Weak Reference
    _rand_init                                - Undefined Weak Reference
    _signal_finish                            - Undefined Weak Reference
    _signal_init                              - Undefined Weak Reference
    _terminate_alloc                          - Undefined Weak Reference
    _terminate_user_alloc                     - Undefined Weak Reference
    _terminateio                              - Undefined Weak Reference
    __Vectors_Size                           0x000000ec   Number         0  startup_stm32f10x_md.o ABSOLUTE
    __Vectors                                0x08000000   Data           4  startup_stm32f10x_md.o(RESET)
    __Vectors_End                            0x080000ec   Data           0  startup_stm32f10x_md.o(RESET)
    __main                                   0x080000ed   Thumb Code     8  __main.o(!!!main)
    __scatterload                            0x080000f5   Thumb Code     0  __scatter.o(!!!scatter)
    __scatterload_rt2                        0x080000f5   Thumb Code    44  __scatter.o(!!!scatter)
    __scatterload_rt2_thumb_only             0x080000f5   Thumb Code     0  __scatter.o(!!!scatter)
    __scatterload_null                       0x08000103   Thumb Code     0  __scatter.o(!!!scatter)
    __scatterload_copy                       0x08000129   Thumb Code    26  __scatter_copy.o(!!handler_copy)
    __scatterload_zeroinit                   0x08000145   Thumb Code    28  __scatter_zi.o(!!handler_zi)
    __rt_lib_init                            0x08000161   Thumb Code     0  libinit.o(.ARM.Collect$$libinit$$00000000)
    __rt_lib_init_alloca_1                   0x08000163   Thumb Code     0  libinit2.o(.ARM.Collect$$libinit$$0000002E)
    __rt_lib_init_argv_1                     0x08000163   Thumb Code     0  libinit2.o(.ARM.Collect$$libinit$$0000002C)
    __rt_lib_init_atexit_1                   0x08000163   Thumb Code     0  libinit2.o(.ARM.Collect$$libinit$$0000001B)
    __rt_lib_init_clock_1                    0x08000163   Thumb Code     0  libinit2.o(.ARM.Collect$$libinit$$00000021)
    __rt_lib_init_cpp_1                      0x08000163   Thumb Code     0  libinit2.o(.ARM.Collect$$libinit$$00000032)
    __rt_lib_init_exceptions_1               0x08000163   Thumb Code     0  libinit2.o(.ARM.Collect$$libinit$$00000030)
    __rt_lib_init_fp_1                       0x08000163   Thumb Code     0  libinit2.o(.ARM.Collect$$libinit$$00000002)
    __rt_lib_init_fp_trap_1                  0x08000163   Thumb Code     0  libinit2.o(.ARM.Collect$$libinit$$0000001F)
    __rt_lib_init_getenv_1                   0x08000163   Thumb Code     0  libinit2.o(.ARM.Collect$$libinit$$00000023)
    __rt_lib_init_heap_1                     0x08000163   Thumb Code     0  libinit2.o(.ARM.Collect$$libinit$$0000000A)
    __rt_lib_init_lc_collate_1               0x08000163   Thumb Code     0  libinit2.o(.ARM.Collect$$libinit$$00000011)
    __rt_lib_init_lc_ctype_1                 0x08000163   Thumb Code     0  libinit2.o(.ARM.Collect$$libinit$$00000013)
    __rt_lib_init_lc_monetary_1              0x08000163   Thumb Code     0  libinit2.o(.ARM.Collect$$libinit$$00000015)
    __rt_lib_init_lc_numeric_1               0x08000163   Thumb Code     0  libinit2.o(.ARM.Collect$$libinit$$00000017)
    __rt_lib_init_lc_time_1                  0x08000163   Thumb Code     0  libinit2.o(.ARM.Collect$$libinit$$00000019)
    __rt_lib_init_preinit_1                  0x08000163   Thumb Code     0  libinit2.o(.ARM.Collect$$libinit$$00000004)
    __rt_lib_init_rand_1                     0x08000163   Thumb Code     0  libinit2.o(.ARM.Collect$$libinit$$0000000E)
    __rt_lib_init_return                     0x08000163   Thumb Code     0  libinit2.o(.ARM.Collect$$libinit$$00000033)
    __rt_lib_init_signal_1                   0x08000163   Thumb Code     0  libinit2.o(.ARM.Collect$$libinit$$0000001D)
    __rt_lib_init_stdio_1                    0x08000163   Thumb Code     0  libinit2.o(.ARM.Collect$$libinit$$00000025)
    __rt_lib_init_user_alloc_1               0x08000163   Thumb Code     0  libinit2.o(.ARM.Collect$$libinit$$0000000C)
    __rt_lib_shutdown                        0x08000165   Thumb Code     0  libshutdown.o(.ARM.Collect$$libshutdown$$00000000)
    __rt_lib_shutdown_cpp_1                  0x08000167   Thumb Code     0  libshutdown2.o(.ARM.Collect$$libshutdown$$00000002)
    __rt_lib_shutdown_fp_trap_1              0x08000167   Thumb Code     0  libshutdown2.o(.ARM.Collect$$libshutdown$$00000007)
    __rt_lib_shutdown_heap_1                 0x08000167   Thumb Code     0  libshutdown2.o(.ARM.Collect$$libshutdown$$0000000F)
    __rt_lib_shutdown_return                 0x08000167   Thumb Code     0  libshutdown2.o(.ARM.Collect$$libshutdown$$00000010)
    __rt_lib_shutdown_signal_1               0x08000167   Thumb Code     0  libshutdown2.o(.ARM.Collect$$libshutdown$$0000000A)
    __rt_lib_shutdown_stdio_1                0x08000167   Thumb Code     0  libshutdown2.o(.ARM.Collect$$libshutdown$$00000004)
    __rt_lib_shutdown_user_alloc_1           0x08000167   Thumb Code     0  libshutdown2.o(.ARM.Collect$$libshutdown$$0000000C)
    __rt_entry                               0x08000169   Thumb Code     0  __rtentry.o(.ARM.Collect$$rtentry$$00000000)
    __rt_entry_presh_1                       0x08000169   Thumb Code     0  __rtentry2.o(.ARM.Collect$$rtentry$$00000002)
    __rt_entry_sh                            0x08000169   Thumb Code     0  __rtentry4.o(.ARM.Collect$$rtentry$$00000004)
    __rt_entry_li                            0x0800016f   Thumb Code     0  __rtentry2.o(.ARM.Collect$$rtentry$$0000000A)
    __rt_entry_postsh_1                      0x0800016f   Thumb Code     0  __rtentry2.o(.ARM.Collect$$rtentry$$00000009)
    __rt_entry_main                          0x08000173   Thumb Code     0  __rtentry2.o(.ARM.Collect$$rtentry$$0000000D)
    __rt_entry_postli_1                      0x08000173   Thumb Code     0  __rtentry2.o(.ARM.Collect$$rtentry$$0000000C)
    __rt_exit                                0x0800017b   Thumb Code     0  rtexit.o(.ARM.Collect$$rtexit$$00000000)
    __rt_exit_ls                             0x0800017d   Thumb Code     0  rtexit2.o(.ARM.Collect$$rtexit$$00000003)
    __rt_exit_prels_1                        0x0800017d   Thumb Code     0  rtexit2.o(.ARM.Collect$$rtexit$$00000002)
    __rt_exit_exit                           0x08000181   Thumb Code     0  rtexit2.o(.ARM.Collect$$rtexit$$00000004)
    Reset_Handler                            0x08000189   Thumb Code     8  startup_stm32f10x_md.o(.text)
    NMI_Handler                              0x08000191   Thumb Code     2  startup_stm32f10x_md.o(.text)
    HardFault_Handler                        0x08000193   Thumb Code     2  startup_stm32f10x_md.o(.text)
    MemManage_Handler                        0x08000195   Thumb Code     2  startup_stm32f10x_md.o(.text)
    BusFault_Handler                         0x08000197   Thumb Code     2  startup_stm32f10x_md.o(.text)
    UsageFault_Handler                       0x08000199   Thumb Code     2  startup_stm32f10x_md.o(.text)
    SVC_Handler                              0x0800019b   Thumb Code     2  startup_stm32f10x_md.o(.text)
    DebugMon_Handler                         0x0800019d   Thumb Code     2  startup_stm32f10x_md.o(.text)
    PendSV_Handler                           0x0800019f   Thumb Code     2  startup_stm32f10x_md.o(.text)
    ADC1_2_IRQHandler                        0x080001a3   Thumb Code     0  startup_stm32f10x_md.o(.text)
    CAN1_RX1_IRQHandler                      0x080001a3   Thumb Code     0  startup_stm32f10x_md.o(.text)
    CAN1_SCE_IRQHandler                      0x080001a3   Thumb Code     0  startup_stm32f10x_md.o(.text)
    DMA1_Channel1_IRQHandler                 0x080001a3   Thumb Code     0  startup_stm32f10x_md.o(.text)
    DMA1_Channel2_IRQHandler                 0x080001a3   Thumb Code     0  startup_stm32f10x_md.o(.text)
    DMA1_Channel3_IRQHandler                 0x080001a3   Thumb Code     0  startup_stm32f10x_md.o(.text)
    DMA1_Channel4_IRQHandler                 0x080001a3   Thumb Code     0  startup_stm32f10x_md.o(.text)
    DMA1_Channel5_IRQHandler                 0x080001a3   Thumb Code     0  startup_stm32f10x_md.o(.text)
    DMA1_Channel6_IRQHandler                 0x080001a3   Thumb Code     0  startup_stm32f10x_md.o(.text)
    DMA1_Channel7_IRQHandler                 0x080001a3   Thumb Code     0  startup_stm32f10x_md.o(.text)
    EXTI0_IRQHandler                         0x080001a3   Thumb Code     0  startup_stm32f10x_md.o(.text)
    EXTI15_10_IRQHandler                     0x080001a3   Thumb Code     0  startup_stm32f10x_md.o(.text)
    EXTI1_IRQHandler                         0x080001a3   Thumb Code     0  startup_stm32f10x_md.o(.text)
    EXTI2_IRQHandler                         0x080001a3   Thumb Code     0  startup_stm32f10x_md.o(.text)
    EXTI3_IRQHandler                         0x080001a3   Thumb Code     0  startup_stm32f10x_md.o(.text)
    EXTI4_IRQHandler                         0x080001a3   Thumb Code     0  startup_stm32f10x_md.o(.text)
    EXTI9_5_IRQHandler                       0x080001a3   Thumb Code     0  startup_stm32f10x_md.o(.text)
    FLASH_IRQHandler                         0x080001a3   Thumb Code     0  startup_stm32f10x_md.o(.text)
    I2C1_ER_IRQHandler                       0x080001a3   Thumb Code     0  startup_stm32f10x_md.o(.text)
    I2C1_EV_IRQHandler                       0x080001a3   Thumb Code     0  startup_stm32f10x_md.o(.text)
    I2C2_ER_IRQHandler                       0x080001a3   Thumb Code     0  startup_stm32f10x_md.o(.text)
    I2C2_EV_IRQHandler                       0x080001a3   Thumb Code     0  startup_stm32f10x_md.o(.text)
    PVD_IRQHandler                           0x080001a3   Thumb Code     0  startup_stm32f10x_md.o(.text)
    RCC_IRQHandler                           0x080001a3   Thumb Code     0  startup_stm32f10x_md.o(.text)
    RTCAlarm_IRQHandler                      0x080001a3   Thumb Code     0  startup_stm32f10x_md.o(.text)
    SPI1_IRQHandler                          0x080001a3   Thumb Code     0  startup_stm32f10x_md.o(.text)
    SPI2_IRQHandler                          0x080001a3   Thumb Code     0  startup_stm32f10x_md.o(.text)
    TAMPER_IRQHandler                        0x080001a3   Thumb Code     0  startup_stm32f10x_md.o(.text)
    TIM1_BRK_IRQHandler                      0x080001a3   Thumb Code     0  startup_stm32f10x_md.o(.text)
    TIM1_CC_IRQHandler                       0x080001a3   Thumb Code     0  startup_stm32f10x_md.o(.text)
    TIM1_TRG_COM_IRQHandler                  0x080001a3   Thumb Code     0  startup_stm32f10x_md.o(.text)
    TIM1_UP_IRQHandler                       0x080001a3   Thumb Code     0  startup_stm32f10x_md.o(.text)
    TIM2_IRQHandler                          0x080001a3   Thumb Code     0  startup_stm32f10x_md.o(.text)
    TIM3_IRQHandler                          0x080001a3   Thumb Code     0  startup_stm32f10x_md.o(.text)
    TIM4_IRQHandler                          0x080001a3   Thumb Code     0  startup_stm32f10x_md.o(.text)
    USART1_IRQHandler                        0x080001a3   Thumb Code     0  startup_stm32f10x_md.o(.text)
    USBWakeUp_IRQHandler                     0x080001a3   Thumb Code     0  startup_stm32f10x_md.o(.text)
    USB_HP_CAN1_TX_IRQHandler                0x080001a3   Thumb Code     0  startup_stm32f10x_md.o(.text)
    USB_LP_CAN1_RX0_IRQHandler               0x080001a3   Thumb Code     0  startup_stm32f10x_md.o(.text)
    WWDG_IRQHandler                          0x080001a3   Thumb Code     0  startup_stm32f10x_md.o(.text)
    __user_initial_stackheap                 0x080001a5   Thumb Code     0  startup_stm32f10x_md.o(.text)
    __use_two_region_memory                  0x080001c9   Thumb Code     2  heapauxi.o(.text)
    __rt_heap_escrow$2region                 0x080001cb   Thumb Code     2  heapauxi.o(.text)
    __rt_heap_expand$2region                 0x080001cd   Thumb Code     2  heapauxi.o(.text)
    __user_setup_stackheap                   0x080001cf   Thumb Code    74  sys_stackheap_outer.o(.text)
    exit                                     0x08000219   Thumb Code    18  exit.o(.text)
    __user_libspace                          0x0800022d   Thumb Code     8  libspace.o(.text)
    __user_perproc_libspace                  0x0800022d   Thumb Code     0  libspace.o(.text)
    __user_perthread_libspace                0x0800022d   Thumb Code     0  libspace.o(.text)
    _sys_exit                                0x08000235   Thumb Code     8  sys_exit.o(.text)
    __I$use$semihosting                      0x08000241   Thumb Code     0  use_no_semi.o(.text)
    __use_no_semihosting_swi                 0x08000241   Thumb Code     2  use_no_semi.o(.text)
    __semihosting_library_function           0x08000243   Thumb Code     0  indicate_semi.o(.text)
    RTC_IRQHandler                           0x08000245   Thumb Code    80  main.o(.text.RTC_IRQHandler)
    SysTick_Handler                          0x0800035d   Thumb Code     2  main.o(.text.SysTick_Handler)
    SystemInit                               0x08000361   Thumb Code    86  system_stm32f10x.o(.text.SystemInit)
    UART_init                                0x080003b9   Thumb Code   324  uart_drive.o(.text.UART_init)
    UART_isr                                 0x080004fd   Thumb Code    68  uart_drive.o(.text.UART_isr)
    UART_rx                                  0x08000541   Thumb Code    86  uart_drive.o(.text.UART_rx)
    UART_send                                0x08000599   Thumb Code    34  uart_drive.o(.text.UART_send)
    UART_tx                                  0x080005bd   Thumb Code    80  uart_drive.o(.text.UART_tx)
    USART2_IRQHandler                        0x0800060d   Thumb Code    26  main.o(.text.USART2_IRQHandler)
    USART3_IRQHandler                        0x08000629   Thumb Code    26  main.o(.text.USART3_IRQHandler)
    USART_BRR                                0x08000645   Thumb Code   178  uart_drive.o(.text.USART_BRR)
    delay_MS                                 0x08000739   Thumb Code    22  systick_lib.o(.text.delay_MS)
    delay_milis                              0x08000751   Thumb Code    32  systick_lib.o(.text.delay_milis)
    init_BAK_reg                             0x08000771   Thumb Code    34  main.o(.text.init_BAK_reg)
    init_GP                                  0x08000795   Thumb Code   120  gp_drive.o(.text.init_GP)
    init_RTC                                 0x0800080d   Thumb Code   156  main.o(.text.init_RTC)
    int2str                                  0x080008a9   Thumb Code   106  str_lib.o(.text.int2str)
    main                                     0x08000915   Thumb Code   378  main.o(.text.main)
    read_BAK_reg                             0x08000a91   Thumb Code    12  main.o(.text.read_BAK_reg)
    sim800_send_sms                          0x08000a9d   Thumb Code   388  sim800_drive.o(.text.sim800_send_sms)
    single_readout_ADC1_regu                 0x08000c21   Thumb Code    28  adc_drive.o(.text.single_readout_ADC1_regu)
    str_concat                               0x08000c3d   Thumb Code    70  str_lib.o(.text.str_concat)
    systick_init                             0x08000c85   Thumb Code    38  systick_lib.o(.text.systick_init)
    systick_inter_start                      0x08000cad   Thumb Code    42  systick_lib.o(.text.systick_inter_start)
    update_adc_readouts                      0x08000cd9   Thumb Code    38  adc_drive.o(.text.update_adc_readouts)
    write_BAK_reg                            0x08000d01   Thumb Code    12  main.o(.text.write_BAK_reg)
    write_GP                                 0x08000d0d   Thumb Code    62  gp_drive.o(.text.write_GP)
    __aeabi_dadd                             0x08000d4d   Thumb Code     0  daddsub_clz.o(x$fpl$dadd)
    _dadd                                    0x08000d4d   Thumb Code   332  daddsub_clz.o(x$fpl$dadd)
    __fpl_dcmp_Inf                           0x08000e9d   Thumb Code    24  dcmpi.o(x$fpl$dcmpinf)
    __aeabi_ddiv                             0x08000eb5   Thumb Code     0  ddiv.o(x$fpl$ddiv)
    _ddiv                                    0x08000eb5   Thumb Code   552  ddiv.o(x$fpl$ddiv)
    __aeabi_cdcmpeq                          0x08001165   Thumb Code     0  deqf.o(x$fpl$deqf)
    _dcmpeq                                  0x08001165   Thumb Code   120  deqf.o(x$fpl$deqf)
    __aeabi_d2uiz                            0x080011dd   Thumb Code     0  dfixu.o(x$fpl$dfixu)
    _dfixu                                   0x080011dd   Thumb Code    90  dfixu.o(x$fpl$dfixu)
    __aeabi_ui2d                             0x08001237   Thumb Code     0  dflt_clz.o(x$fpl$dfltu)
    _dfltu                                   0x08001237   Thumb Code    38  dflt_clz.o(x$fpl$dfltu)
    __aeabi_cdcmpge                          0x0800125d   Thumb Code     0  dgeqf.o(x$fpl$dgeqf)
    _dcmpge                                  0x0800125d   Thumb Code   120  dgeqf.o(x$fpl$dgeqf)
    __aeabi_cdcmple                          0x080012d5   Thumb Code     0  dleqf.o(x$fpl$dleqf)
    _dcmple                                  0x080012d5   Thumb Code   120  dleqf.o(x$fpl$dleqf)
    __fpl_dcmple_InfNaN                      0x08001337   Thumb Code     0  dleqf.o(x$fpl$dleqf)
    __aeabi_dmul                             0x0800134d   Thumb Code     0  dmul.o(x$fpl$dmul)
    _dmul                                    0x0800134d   Thumb Code   332  dmul.o(x$fpl$dmul)
    __fpl_dnaninf                            0x080014a1   Thumb Code   156  dnaninf.o(x$fpl$dnaninf)
    __fpl_dretinf                            0x0800153d   Thumb Code    12  dretinf.o(x$fpl$dretinf)
    __aeabi_dsub                             0x08001549   Thumb Code     0  daddsub_clz.o(x$fpl$dsub)
    _dsub                                    0x08001549   Thumb Code   464  daddsub_clz.o(x$fpl$dsub)
    __aeabi_dcmpeq                           0x0800171d   Thumb Code     0  dcmp.o(x$fpl$fcmp)
    _deq                                     0x0800171d   Thumb Code    14  dcmp.o(x$fpl$fcmp)
    _dneq                                    0x0800172b   Thumb Code    14  dcmp.o(x$fpl$fcmp)
    __aeabi_dcmpgt                           0x08001739   Thumb Code     0  dcmp.o(x$fpl$fcmp)
    _dgr                                     0x08001739   Thumb Code    14  dcmp.o(x$fpl$fcmp)
    __aeabi_dcmpge                           0x08001747   Thumb Code     0  dcmp.o(x$fpl$fcmp)
    _dgeq                                    0x08001747   Thumb Code    14  dcmp.o(x$fpl$fcmp)
    __aeabi_dcmple                           0x08001755   Thumb Code     0  dcmp.o(x$fpl$fcmp)
    _dleq                                    0x08001755   Thumb Code    14  dcmp.o(x$fpl$fcmp)
    __aeabi_dcmplt                           0x08001763   Thumb Code     0  dcmp.o(x$fpl$fcmp)
    _dls                                     0x08001763   Thumb Code    14  dcmp.o(x$fpl$fcmp)
    Region$$Table$$Base                      0x08001770   Number         0  anon$$obj.o(Region$$Table)
    __I$use$fp                               0x08001770   Number         0  usenofp.o(x$fpl$usenofp)
    Region$$Table$$Limit                     0x08001790   Number         0  anon$$obj.o(Region$$Table)
    __libspace_start                         0x20000008   Data          96  libspace.o(.bss)
    ReadoutsHolder                           0x20000068   Data           8  main.o(.bss.ReadoutsHolder)
    __temporary_stack_top$libspace           0x20000068   Data           0  libspace.o(.bss)
    uart_2_mgr                               0x2000093a   Data          14  main.o(.bss.uart_2_mgr)
    uart_3_mgr                               0x20000948   Data          14  main.o(.bss.uart_3_mgr)



==============================================================================

Memory Map of the image

  Image Entry point : 0x08000189

  Load Region LR_1 (Base: 0x08000000, Size: 0x00001798, Max: 0xffffffff, ABSOLUTE)

    Execution Region ER_RO (Exec base: 0x08000000, Load base: 0x08000000, Size: 0x00001790, Max: 0xffffffff, ABSOLUTE)

    Exec Addr    Load Addr    Size         Type   Attr      Idx    E Section Name        Object

    0x08000000   0x08000000   0x000000ec   Data   RO          147    RESET               startup_stm32f10x_md.o
    0x080000ec   0x080000ec   0x00000008   Code   RO          176  * !!!main             c_w.l(__main.o)
    0x080000f4   0x080000f4   0x00000034   Code   RO          376    !!!scatter          c_w.l(__scatter.o)
    0x08000128   0x08000128   0x0000001a   Code   RO          378    !!handler_copy      c_w.l(__scatter_copy.o)
    0x08000142   0x08000142   0x00000002   PAD
    0x08000144   0x08000144   0x0000001c   Code   RO          380    !!handler_zi        c_w.l(__scatter_zi.o)
    0x08000160   0x08000160   0x00000002   Code   RO          240    .ARM.Collect$$libinit$$00000000  c_w.l(libinit.o)
    0x08000162   0x08000162   0x00000000   Code   RO          247    .ARM.Collect$$libinit$$00000002  c_w.l(libinit2.o)
    0x08000162   0x08000162   0x00000000   Code   RO          249    .ARM.Collect$$libinit$$00000004  c_w.l(libinit2.o)
    0x08000162   0x08000162   0x00000000   Code   RO          252    .ARM.Collect$$libinit$$0000000A  c_w.l(libinit2.o)
    0x08000162   0x08000162   0x00000000   Code   RO          254    .ARM.Collect$$libinit$$0000000C  c_w.l(libinit2.o)
    0x08000162   0x08000162   0x00000000   Code   RO          256    .ARM.Collect$$libinit$$0000000E  c_w.l(libinit2.o)
    0x08000162   0x08000162   0x00000000   Code   RO          259    .ARM.Collect$$libinit$$00000011  c_w.l(libinit2.o)
    0x08000162   0x08000162   0x00000000   Code   RO          261    .ARM.Collect$$libinit$$00000013  c_w.l(libinit2.o)
    0x08000162   0x08000162   0x00000000   Code   RO          263    .ARM.Collect$$libinit$$00000015  c_w.l(libinit2.o)
    0x08000162   0x08000162   0x00000000   Code   RO          265    .ARM.Collect$$libinit$$00000017  c_w.l(libinit2.o)
    0x08000162   0x08000162   0x00000000   Code   RO          267    .ARM.Collect$$libinit$$00000019  c_w.l(libinit2.o)
    0x08000162   0x08000162   0x00000000   Code   RO          269    .ARM.Collect$$libinit$$0000001B  c_w.l(libinit2.o)
    0x08000162   0x08000162   0x00000000   Code   RO          271    .ARM.Collect$$libinit$$0000001D  c_w.l(libinit2.o)
    0x08000162   0x08000162   0x00000000   Code   RO          273    .ARM.Collect$$libinit$$0000001F  c_w.l(libinit2.o)
    0x08000162   0x08000162   0x00000000   Code   RO          275    .ARM.Collect$$libinit$$00000021  c_w.l(libinit2.o)
    0x08000162   0x08000162   0x00000000   Code   RO          277    .ARM.Collect$$libinit$$00000023  c_w.l(libinit2.o)
    0x08000162   0x08000162   0x00000000   Code   RO          279    .ARM.Collect$$libinit$$00000025  c_w.l(libinit2.o)
    0x08000162   0x08000162   0x00000000   Code   RO          283    .ARM.Collect$$libinit$$0000002C  c_w.l(libinit2.o)
    0x08000162   0x08000162   0x00000000   Code   RO          285    .ARM.Collect$$libinit$$0000002E  c_w.l(libinit2.o)
    0x08000162   0x08000162   0x00000000   Code   RO          287    .ARM.Collect$$libinit$$00000030  c_w.l(libinit2.o)
    0x08000162   0x08000162   0x00000000   Code   RO          289    .ARM.Collect$$libinit$$00000032  c_w.l(libinit2.o)
    0x08000162   0x08000162   0x00000002   Code   RO          290    .ARM.Collect$$libinit$$00000033  c_w.l(libinit2.o)
    0x08000164   0x08000164   0x00000002   Code   RO          312    .ARM.Collect$$libshutdown$$00000000  c_w.l(libshutdown.o)
    0x08000166   0x08000166   0x00000000   Code   RO          327    .ARM.Collect$$libshutdown$$00000002  c_w.l(libshutdown2.o)
    0x08000166   0x08000166   0x00000000   Code   RO          329    .ARM.Collect$$libshutdown$$00000004  c_w.l(libshutdown2.o)
    0x08000166   0x08000166   0x00000000   Code   RO          332    .ARM.Collect$$libshutdown$$00000007  c_w.l(libshutdown2.o)
    0x08000166   0x08000166   0x00000000   Code   RO          335    .ARM.Collect$$libshutdown$$0000000A  c_w.l(libshutdown2.o)
    0x08000166   0x08000166   0x00000000   Code   RO          337    .ARM.Collect$$libshutdown$$0000000C  c_w.l(libshutdown2.o)
    0x08000166   0x08000166   0x00000000   Code   RO          340    .ARM.Collect$$libshutdown$$0000000F  c_w.l(libshutdown2.o)
    0x08000166   0x08000166   0x00000002   Code   RO          341    .ARM.Collect$$libshutdown$$00000010  c_w.l(libshutdown2.o)
    0x08000168   0x08000168   0x00000000   Code   RO          202    .ARM.Collect$$rtentry$$00000000  c_w.l(__rtentry.o)
    0x08000168   0x08000168   0x00000000   Code   RO          215    .ARM.Collect$$rtentry$$00000002  c_w.l(__rtentry2.o)
    0x08000168   0x08000168   0x00000006   Code   RO          227    .ARM.Collect$$rtentry$$00000004  c_w.l(__rtentry4.o)
    0x0800016e   0x0800016e   0x00000000   Code   RO          217    .ARM.Collect$$rtentry$$00000009  c_w.l(__rtentry2.o)
    0x0800016e   0x0800016e   0x00000004   Code   RO          218    .ARM.Collect$$rtentry$$0000000A  c_w.l(__rtentry2.o)
    0x08000172   0x08000172   0x00000000   Code   RO          220    .ARM.Collect$$rtentry$$0000000C  c_w.l(__rtentry2.o)
    0x08000172   0x08000172   0x00000008   Code   RO          221    .ARM.Collect$$rtentry$$0000000D  c_w.l(__rtentry2.o)
    0x0800017a   0x0800017a   0x00000002   Code   RO          244    .ARM.Collect$$rtexit$$00000000  c_w.l(rtexit.o)
    0x0800017c   0x0800017c   0x00000000   Code   RO          292    .ARM.Collect$$rtexit$$00000002  c_w.l(rtexit2.o)
    0x0800017c   0x0800017c   0x00000004   Code   RO          293    .ARM.Collect$$rtexit$$00000003  c_w.l(rtexit2.o)
    0x08000180   0x08000180   0x00000006   Code   RO          294    .ARM.Collect$$rtexit$$00000004  c_w.l(rtexit2.o)
    0x08000186   0x08000186   0x00000002   PAD
    0x08000188   0x08000188   0x00000040   Code   RO          148  * .text               startup_stm32f10x_md.o
    0x080001c8   0x080001c8   0x00000006   Code   RO          174    .text               c_w.l(heapauxi.o)
    0x080001ce   0x080001ce   0x0000004a   Code   RO          231    .text               c_w.l(sys_stackheap_outer.o)
    0x08000218   0x08000218   0x00000012   Code   RO          233    .text               c_w.l(exit.o)
    0x0800022a   0x0800022a   0x00000002   PAD
    0x0800022c   0x0800022c   0x00000008   Code   RO          241    .text               c_w.l(libspace.o)
    0x08000234   0x08000234   0x0000000c   Code   RO          302    .text               c_w.l(sys_exit.o)
    0x08000240   0x08000240   0x00000002   Code   RO          317    .text               c_w.l(use_no_semi.o)
    0x08000242   0x08000242   0x00000000   Code   RO          319    .text               c_w.l(indicate_semi.o)
    0x08000242   0x08000242   0x00000002   PAD
    0x08000244   0x08000244   0x00000050   Code   RO           34    .text.RTC_IRQHandler  main.o
    0x08000294   0x08000294   0x00000008   Code   RO          157    .text.SetSysClock   system_stm32f10x.o
    0x0800029c   0x0800029c   0x000000be   Code   RO          161    .text.SetSysClockTo72  system_stm32f10x.o
    0x0800035a   0x0800035a   0x00000002   PAD
    0x0800035c   0x0800035c   0x00000002   Code   RO           32    .text.SysTick_Handler  main.o
    0x0800035e   0x0800035e   0x00000002   PAD
    0x08000360   0x08000360   0x00000056   Code   RO          155    .text.SystemInit    system_stm32f10x.o
    0x080003b6   0x080003b6   0x00000002   PAD
    0x080003b8   0x080003b8   0x00000144   Code   RO          110    .text.UART_init     uart_drive.o
    0x080004fc   0x080004fc   0x00000044   Code   RO          120    .text.UART_isr      uart_drive.o
    0x08000540   0x08000540   0x00000056   Code   RO          116    .text.UART_rx       uart_drive.o
    0x08000596   0x08000596   0x00000002   PAD
    0x08000598   0x08000598   0x00000022   Code   RO          122    .text.UART_send     uart_drive.o
    0x080005ba   0x080005ba   0x00000002   PAD
    0x080005bc   0x080005bc   0x00000050   Code   RO          118    .text.UART_tx       uart_drive.o
    0x0800060c   0x0800060c   0x0000001a   Code   RO           28    .text.USART2_IRQHandler  main.o
    0x08000626   0x08000626   0x00000002   PAD
    0x08000628   0x08000628   0x0000001a   Code   RO           30    .text.USART3_IRQHandler  main.o
    0x08000642   0x08000642   0x00000002   PAD
    0x08000644   0x08000644   0x000000b2   Code   RO          112    .text.USART_BRR     uart_drive.o
    0x080006f6   0x080006f6   0x00000002   PAD
    0x080006f8   0x080006f8   0x0000000e   Code   RO           36    .text.__NVIC_ClearPendingIRQ  main.o
    0x08000706   0x08000706   0x00000002   PAD
    0x08000708   0x08000708   0x0000000e   Code   RO           38    .text.__NVIC_EnableIRQ  main.o
    0x08000716   0x08000716   0x00000002   PAD
    0x08000718   0x08000718   0x00000020   Code   RO          114    .text.__NVIC_EnableIRQ  uart_drive.o
    0x08000738   0x08000738   0x00000016   Code   RO           96    .text.delay_MS      systick_lib.o
    0x0800074e   0x0800074e   0x00000002   PAD
    0x08000750   0x08000750   0x00000020   Code   RO           94    .text.delay_milis   systick_lib.o
    0x08000770   0x08000770   0x00000022   Code   RO           20    .text.init_BAK_reg  main.o
    0x08000792   0x08000792   0x00000002   PAD
    0x08000794   0x08000794   0x00000078   Code   RO            2    .text.init_GP       gp_drive.o
    0x0800080c   0x0800080c   0x0000009c   Code   RO           22    .text.init_RTC      main.o
    0x080008a8   0x080008a8   0x0000006a   Code   RO           80    .text.int2str       str_lib.o
    0x08000912   0x08000912   0x00000002   PAD
    0x08000914   0x08000914   0x0000017a   Code   RO           18    .text.main          main.o
    0x08000a8e   0x08000a8e   0x00000002   PAD
    0x08000a90   0x08000a90   0x0000000c   Code   RO           26    .text.read_BAK_reg  main.o
    0x08000a9c   0x08000a9c   0x00000184   Code   RO           55    .text.sim800_send_sms  sim800_drive.o
    0x08000c20   0x08000c20   0x0000001c   Code   RO          134    .text.single_readout_ADC1_regu  adc_drive.o
    0x08000c3c   0x08000c3c   0x00000046   Code   RO           78    .text.str_concat    str_lib.o
    0x08000c82   0x08000c82   0x00000002   PAD
    0x08000c84   0x08000c84   0x00000026   Code   RO           92    .text.systick_init  systick_lib.o
    0x08000caa   0x08000caa   0x00000002   PAD
    0x08000cac   0x08000cac   0x0000002a   Code   RO           98    .text.systick_inter_start  systick_lib.o
    0x08000cd6   0x08000cd6   0x00000002   PAD
    0x08000cd8   0x08000cd8   0x00000026   Code   RO          136    .text.update_adc_readouts  adc_drive.o
    0x08000cfe   0x08000cfe   0x00000002   PAD
    0x08000d00   0x08000d00   0x0000000c   Code   RO           24    .text.write_BAK_reg  main.o
    0x08000d0c   0x08000d0c   0x0000003e   Code   RO            6    .text.write_GP      gp_drive.o
    0x08000d4a   0x08000d4a   0x00000002   PAD
    0x08000d4c   0x08000d4c   0x00000150   Code   RO          178    x$fpl$dadd          fz_ws.l(daddsub_clz.o)
    0x08000e9c   0x08000e9c   0x00000018   Code   RO          229    x$fpl$dcmpinf       fz_ws.l(dcmpi.o)
    0x08000eb4   0x08000eb4   0x000002b0   Code   RO          187    x$fpl$ddiv          fz_ws.l(ddiv.o)
    0x08001164   0x08001164   0x00000078   Code   RO          203    x$fpl$deqf          fz_ws.l(deqf.o)
    0x080011dc   0x080011dc   0x0000005a   Code   RO          190    x$fpl$dfixu         fz_ws.l(dfixu.o)
    0x08001236   0x08001236   0x00000026   Code   RO          194    x$fpl$dfltu         fz_ws.l(dflt_clz.o)
    0x0800125c   0x0800125c   0x00000078   Code   RO          205    x$fpl$dgeqf         fz_ws.l(dgeqf.o)
    0x080012d4   0x080012d4   0x00000078   Code   RO          207    x$fpl$dleqf         fz_ws.l(dleqf.o)
    0x0800134c   0x0800134c   0x00000154   Code   RO          200    x$fpl$dmul          fz_ws.l(dmul.o)
    0x080014a0   0x080014a0   0x0000009c   Code   RO          209    x$fpl$dnaninf       fz_ws.l(dnaninf.o)
    0x0800153c   0x0800153c   0x0000000c   Code   RO          211    x$fpl$dretinf       fz_ws.l(dretinf.o)
    0x08001548   0x08001548   0x000001d4   Code   RO          180    x$fpl$dsub          fz_ws.l(daddsub_clz.o)
    0x0800171c   0x0800171c   0x00000054   Code   RO          184    x$fpl$fcmp          fz_ws.l(dcmp.o)
    0x08001770   0x08001770   0x00000000   Code   RO          213    x$fpl$usenofp       fz_ws.l(usenofp.o)
    0x08001770   0x08001770   0x00000020   Data   RO          375    Region$$Table       anon$$obj.o


    Execution Region ER_RW (Exec base: 0x20000000, Load base: 0x08001790, Size: 0x00000008, Max: 0xffffffff, ABSOLUTE)

    Exec Addr    Load Addr    Size         Type   Attr      Idx    E Section Name        Object

    0x20000000   0x08001790   0x00000003   Data   RW           61    .data.order_term_buf  sim800_drive.o
    0x20000003   0x08001793   0x00000004   Data   RW           62    .data.sms_term_buf  sim800_drive.o


    Execution Region ER_ZI (Exec base: 0x20000008, Load base: 0x08001798, Size: 0x00000f50, Max: 0xffffffff, ABSOLUTE)

    Exec Addr    Load Addr    Size         Type   Attr      Idx    E Section Name        Object

    0x20000008        -       0x00000060   Zero   RW          242    .bss                c_w.l(libspace.o)
    0x20000068        -       0x00000008   Zero   RW           43    .bss.ReadoutsHolder  main.o
    0x20000070        -       0x000000fa   Zero   RW           44    .bss.USART_2_msg    main.o
    0x2000016a        -       0x000007d0   Zero   RW           45    .bss.USART_3_msg    main.o
    0x2000093a        -       0x0000000e   Zero   RW           41    .bss.uart_2_mgr     main.o
    0x20000948        -       0x0000000e   Zero   RW           42    .bss.uart_3_mgr     main.o
    0x20000956   0x08001798   0x00000002   PAD
    0x20000958        -       0x00000200   Zero   RW          146    HEAP                startup_stm32f10x_md.o
    0x20000b58        -       0x00000400   Zero   RW          145    STACK               startup_stm32f10x_md.o


==============================================================================

Image component sizes


      Code (inc. data)   RO Data    RW Data    ZI Data      Debug   Object Name

        66          0          0          0          0       1568   adc_drive.o
       182          0          0          0          0       1837   gp_drive.o
       754          0          0          0       2286       7630   main.o
       388         36          0          7          0       1328   sim800_drive.o
        64         26        236          0       1536        832   startup_stm32f10x_md.o
       176          0          0          0          0       3092   str_lib.o
       284          0          0          0          0       2819   system_stm32f10x.o
       134          0          0          0          0       1605   systick_lib.o
       802          0          0          0          0       5480   uart_drive.o

    ----------------------------------------------------------------------
      2888         62        268          8       3824      26191   Object Totals
         0          0         32          0          0          0   (incl. Generated)
        38          0          0          1          2          0   (incl. Padding)

    ----------------------------------------------------------------------

      Code (inc. data)   RO Data    RW Data    ZI Data      Debug   Library Member Name

         8          0          0          0          0         68   __main.o
         0          0          0          0          0          0   __rtentry.o
        12          0          0          0          0          0   __rtentry2.o
         6          0          0          0          0          0   __rtentry4.o
        52          8          0          0          0          0   __scatter.o
        26          0          0          0          0          0   __scatter_copy.o
        28          0          0          0          0          0   __scatter_zi.o
        18          0          0          0          0         80   exit.o
         6          0          0          0          0        152   heapauxi.o
         0          0          0          0          0          0   indicate_semi.o
         2          0          0          0          0          0   libinit.o
         2          0          0          0          0          0   libinit2.o
         2          0          0          0          0          0   libshutdown.o
         2          0          0          0          0          0   libshutdown2.o
         8          4          0          0         96         68   libspace.o
         2          0          0          0          0          0   rtexit.o
        10          0          0          0          0          0   rtexit2.o
        12          4          0          0          0         68   sys_exit.o
        74          0          0          0          0         80   sys_stackheap_outer.o
         2          0          0          0          0         68   use_no_semi.o
       804         16          0          0          0        280   daddsub_clz.o
        84          0          0          0          0        196   dcmp.o
        24          0          0          0          0         68   dcmpi.o
       688        140          0          0          0        216   ddiv.o
       120          4          0          0          0         92   deqf.o
        90          4          0          0          0         92   dfixu.o
        38          0          0          0          0         68   dflt_clz.o
       120          4          0          0          0         92   dgeqf.o
       120          4          0          0          0         92   dleqf.o
       340         12          0          0          0        104   dmul.o
       156          4          0          0          0         92   dnaninf.o
        12          0          0          0          0         68   dretinf.o
         0          0          0          0          0          0   usenofp.o

    ----------------------------------------------------------------------
      2876        204          0          0         96       2044   Library Totals
         8          0          0          0          0          0   (incl. Padding)

    ----------------------------------------------------------------------

      Code (inc. data)   RO Data    RW Data    ZI Data      Debug   Library Name

       272         16          0          0         96        584   c_w.l
      2596        188          0          0          0       1460   fz_ws.l

    ----------------------------------------------------------------------
      2876        204          0          0         96       2044   Library Totals

    ----------------------------------------------------------------------

==============================================================================


      Code (inc. data)   RO Data    RW Data    ZI Data      Debug   

      5764        266        268          8       3920      27339   Grand Totals
      5764        266        268          8       3920      27339   ELF Image Totals
      5764        266        268          8          0          0   ROM Totals

==============================================================================

    Total RO  Size (Code + RO Data)                 6032 (   5.89kB)
    Total RW  Size (RW Data + ZI Data)              3928 (   3.84kB)
    Total ROM Size (Code + RO Data + RW Data)       6040 (   5.90kB)

==============================================================================

